20:22:19 **** Build of configuration Debug for project HTS221_Demo ****
make -j8 all 
arm-none-eabi-gcc -mcpu=cortex-m4 -g3 -DDEBUG -c -x assembler-with-cpp -MMD -MP -MF"Startup/startup_stm32l475vgtx.d" -MT"Startup/startup_stm32l475vgtx.o" --specs=nano.specs -mfpu=fpv4-sp-d16 -mfloat-abi=hard -mthumb -o "Startup/startup_stm32l475vgtx.o" "../Startup/startup_stm32l475vgtx.s"
arm-none-eabi-gcc "../Src/main.c" -mcpu=cortex-m4 -std=gnu11 -g3 -DDEBUG -DSTM32L4 -DSTM32 -DB_L475E_IOT01A2 -DSTM32L475VGTx -c -I../Inc -O0 -ffunction-sections -fdata-sections -Wall -fstack-usage -fcyclomatic-complexity -MMD -MP -MF"Src/main.d" -MT"Src/main.o" --specs=nano.specs -mfpu=fpv4-sp-d16 -mfloat-abi=hard -mthumb -o "Src/main.o"
arm-none-eabi-gcc "../Src/syscalls.c" -mcpu=cortex-m4 -std=gnu11 -g3 -DDEBUG -DSTM32L4 -DSTM32 -DB_L475E_IOT01A2 -DSTM32L475VGTx -c -I../Inc -O0 -ffunction-sections -fdata-sections -Wall -fstack-usage -fcyclomatic-complexity -MMD -MP -MF"Src/syscalls.d" -MT"Src/syscalls.o" --specs=nano.specs -mfpu=fpv4-sp-d16 -mfloat-abi=hard -mthumb -o "Src/syscalls.o"
arm-none-eabi-gcc "../Src/sysmem.c" -mcpu=cortex-m4 -std=gnu11 -g3 -DDEBUG -DSTM32L4 -DSTM32 -DB_L475E_IOT01A2 -DSTM32L475VGTx -c -I../Inc -O0 -ffunction-sections -fdata-sections -Wall -fstack-usage -fcyclomatic-complexity -MMD -MP -MF"Src/sysmem.d" -MT"Src/sysmem.o" --specs=nano.specs -mfpu=fpv4-sp-d16 -mfloat-abi=hard -mthumb -o "Src/sysmem.o"
../Src/main.c:22:10: fatal error: stm32l47xx_i2c_driver.h: No such file or directory
   22 | #include "stm32l47xx_i2c_driver.h"
      |          ^~~~~~~~~~~~~~~~~~~~~~~~~
compilation terminated.
make: *** [Src/subdir.mk:25: Src/main.o] Error 1
make: *** Waiting for unfinished jobs....
"make -j8 all" terminated with exit code 2. Build might be incomplete.
20:26:44 **** Incremental Build of configuration Debug for project HTS221_Demo ****
make -j8 all 
arm-none-eabi-gcc "../Src/main.c" -mcpu=cortex-m4 -std=gnu11 -g3 -DDEBUG -DSTM32L4 -DSTM32 -DB_L475E_IOT01A2 -DSTM32L475VGTx -c -I../Inc -I"C:/Users/admin/Desktop/Aerospace_Training/HTS221_Demo/App/Drivers" -O0 -ffunction-sections -fdata-sections -Wall -fstack-usage -fcyclomatic-complexity -MMD -MP -MF"Src/main.d" -MT"Src/main.o" --specs=nano.specs -mfpu=fpv4-sp-d16 -mfloat-abi=hard -mthumb -o "Src/main.o"
arm-none-eabi-gcc "../Src/syscalls.c" -mcpu=cortex-m4 -std=gnu11 -g3 -DDEBUG -DSTM32L4 -DSTM32 -DB_L475E_IOT01A2 -DSTM32L475VGTx -c -I../Inc -I"C:/Users/admin/Desktop/Aerospace_Training/HTS221_Demo/App/Drivers" -O0 -ffunction-sections -fdata-sections -Wall -fstack-usage -fcyclomatic-complexity -MMD -MP -MF"Src/syscalls.d" -MT"Src/syscalls.o" --specs=nano.specs -mfpu=fpv4-sp-d16 -mfloat-abi=hard -mthumb -o "Src/syscalls.o"
arm-none-eabi-gcc "../Src/sysmem.c" -mcpu=cortex-m4 -std=gnu11 -g3 -DDEBUG -DSTM32L4 -DSTM32 -DB_L475E_IOT01A2 -DSTM32L475VGTx -c -I../Inc -I"C:/Users/admin/Desktop/Aerospace_Training/HTS221_Demo/App/Drivers" -O0 -ffunction-sections -fdata-sections -Wall -fstack-usage -fcyclomatic-complexity -MMD -MP -MF"Src/sysmem.d" -MT"Src/sysmem.o" --specs=nano.specs -mfpu=fpv4-sp-d16 -mfloat-abi=hard -mthumb -o "Src/sysmem.o"
In file included from C:/Users/admin/Desktop/Aerospace_Training/HTS221_Demo/App/Drivers/stm32l475xx_gpio_driver.h:11,
                 from C:/Users/admin/Desktop/Aerospace_Training/HTS221_Demo/App/Drivers/stm32l47xx.h:714,
                 from C:/Users/admin/Desktop/Aerospace_Training/HTS221_Demo/App/Drivers/stm32l47xx_i2c_driver.h:12,
                 from ../Src/main.c:22:
C:/Users/admin/Desktop/Aerospace_Training/HTS221_Demo/App/Drivers/stm32l47xx.h:715:10: fatal error: stm32l475xx_spi_driver.h: No such file or directory
  715 | #include "stm32l475xx_spi_driver.h"
      |          ^~~~~~~~~~~~~~~~~~~~~~~~~~
compilation terminated.
make: *** [Src/subdir.mk:25: Src/main.o] Error 1
make: *** Waiting for unfinished jobs....
"make -j8 all" terminated with exit code 2. Build might be incomplete.
20:27:27 **** Incremental Build of configuration Debug for project HTS221_Demo ****
make -j8 all 
arm-none-eabi-gcc "../Src/main.c" -mcpu=cortex-m4 -std=gnu11 -g3 -DDEBUG -DSTM32L4 -DSTM32 -DB_L475E_IOT01A2 -DSTM32L475VGTx -c -I../Inc -I"C:/Users/admin/Desktop/Aerospace_Training/HTS221_Demo/App/Drivers" -O0 -ffunction-sections -fdata-sections -Wall -fstack-usage -fcyclomatic-complexity -MMD -MP -MF"Src/main.d" -MT"Src/main.o" --specs=nano.specs -mfpu=fpv4-sp-d16 -mfloat-abi=hard -mthumb -o "Src/main.o"
../Src/main.c: In function 'delay_busy':
../Src/main.c:56:9: warning: implicit declaration of function '_asm_' [-Wimplicit-function-declaration]
   56 |         _asm_("nop");
      |         ^~~~~
arm-none-eabi-gcc -o "HTS221_Demo.elf" @"objects.list"   -mcpu=cortex-m4 -T"C:\Users\admin\Desktop\Aerospace_Training\HTS221_Demo\STM32L475VGTX_FLASH.ld" --specs=nosys.specs -Wl,-Map="HTS221_Demo.map" -Wl,--gc-sections -static --specs=nano.specs -mfpu=fpv4-sp-d16 -mfloat-abi=hard -mthumb -Wl,--start-group -lc -lm -Wl,--end-group
D:/STM32CubeIDE_1.13.2/STM32CubeIDE/plugins/com.st.stm32cube.ide.mcu.externaltools.gnu-tools-for-stm32.11.3.rel1.win32_1.1.1.202309131626/tools/bin/../lib/gcc/arm-none-eabi/11.3.1/../../../../arm-none-eabi/bin/ld.exe: ./Src/main.o: in function `delay_busy':
C:/Users/admin/Desktop/Aerospace_Training/HTS221_Demo/Debug/../Src/main.c:56: undefined reference to `_asm_'
D:/STM32CubeIDE_1.13.2/STM32CubeIDE/plugins/com.st.stm32cube.ide.mcu.externaltools.gnu-tools-for-stm32.11.3.rel1.win32_1.1.1.202309131626/tools/bin/../lib/gcc/arm-none-eabi/11.3.1/../../../../arm-none-eabi/bin/ld.exe: ./Src/main.o: in function `main':
C:/Users/admin/Desktop/Aerospace_Training/HTS221_Demo/Debug/../Src/main.c:67: undefined reference to `HTS221_Init'
D:/STM32CubeIDE_1.13.2/STM32CubeIDE/plugins/com.st.stm32cube.ide.mcu.externaltools.gnu-tools-for-stm32.11.3.rel1.win32_1.1.1.202309131626/tools/bin/../lib/gcc/arm-none-eabi/11.3.1/../../../../arm-none-eabi/bin/ld.exe: C:/Users/admin/Desktop/Aerospace_Training/HTS221_Demo/Debug/../Src/main.c:86: undefined reference to `HTS221_ReadTemperatureC'
collect2.exe: error: ld returned 1 exit status
make: *** [makefile:63: HTS221_Demo.elf] Error 1
"make -j8 all" terminated with exit code 2. Build might be incomplete.
20:28:43 **** Incremental Build of configuration Debug for project HTS221_Demo ****
make -j8 all 
arm-none-eabi-gcc -o "HTS221_Demo.elf" @"objects.list"   -mcpu=cortex-m4 -T"C:\Users\admin\Desktop\Aerospace_Training\HTS221_Demo\STM32L475VGTX_FLASH.ld" --specs=nosys.specs -Wl,-Map="HTS221_Demo.map" -Wl,--gc-sections -static --specs=nano.specs -mfpu=fpv4-sp-d16 -mfloat-abi=hard -mthumb -Wl,--start-group -lc -lm -Wl,--end-group
D:/STM32CubeIDE_1.13.2/STM32CubeIDE/plugins/com.st.stm32cube.ide.mcu.externaltools.gnu-tools-for-stm32.11.3.rel1.win32_1.1.1.202309131626/tools/bin/../lib/gcc/arm-none-eabi/11.3.1/../../../../arm-none-eabi/bin/ld.exe: ./Src/main.o: in function `delay_busy':
C:/Users/admin/Desktop/Aerospace_Training/HTS221_Demo/Debug/../Src/main.c:56: undefined reference to `_asm_'
D:/STM32CubeIDE_1.13.2/STM32CubeIDE/plugins/com.st.stm32cube.ide.mcu.externaltools.gnu-tools-for-stm32.11.3.rel1.win32_1.1.1.202309131626/tools/bin/../lib/gcc/arm-none-eabi/11.3.1/../../../../arm-none-eabi/bin/ld.exe: ./Src/main.o: in function `main':
C:/Users/admin/Desktop/Aerospace_Training/HTS221_Demo/Debug/../Src/main.c:67: undefined reference to `HTS221_Init'
D:/STM32CubeIDE_1.13.2/STM32CubeIDE/plugins/com.st.stm32cube.ide.mcu.externaltools.gnu-tools-for-stm32.11.3.rel1.win32_1.1.1.202309131626/tools/bin/../lib/gcc/arm-none-eabi/11.3.1/../../../../arm-none-eabi/bin/ld.exe: C:/Users/admin/Desktop/Aerospace_Training/HTS221_Demo/Debug/../Src/main.c:86: undefined reference to `HTS221_ReadTemperatureC'
collect2.exe: error: ld returned 1 exit status
make: *** [makefile:63: HTS221_Demo.elf] Error 1
"make -j8 all" terminated with exit code 2. Build might be incomplete.
20:29:00 **** Incremental Build of configuration Debug for project HTS221_Demo ****
make -j8 all 
arm-none-eabi-gcc "../Src/main.c" -mcpu=cortex-m4 -std=gnu11 -g3 -DDEBUG -DSTM32L4 -DSTM32 -DB_L475E_IOT01A2 -DSTM32L475VGTx -c -I../Inc -I"C:/Users/admin/Desktop/Aerospace_Training/HTS221_Demo/App/Drivers" -O0 -ffunction-sections -fdata-sections -Wall -fstack-usage -fcyclomatic-complexity -MMD -MP -MF"Src/main.d" -MT"Src/main.o" --specs=nano.specs -mfpu=fpv4-sp-d16 -mfloat-abi=hard -mthumb -o "Src/main.o"
arm-none-eabi-gcc -o "HTS221_Demo.elf" @"objects.list"   -mcpu=cortex-m4 -T"C:\Users\admin\Desktop\Aerospace_Training\HTS221_Demo\STM32L475VGTX_FLASH.ld" --specs=nosys.specs -Wl,-Map="HTS221_Demo.map" -Wl,--gc-sections -static --specs=nano.specs -mfpu=fpv4-sp-d16 -mfloat-abi=hard -mthumb -Wl,--start-group -lc -lm -Wl,--end-group
D:/STM32CubeIDE_1.13.2/STM32CubeIDE/plugins/com.st.stm32cube.ide.mcu.externaltools.gnu-tools-for-stm32.11.3.rel1.win32_1.1.1.202309131626/tools/bin/../lib/gcc/arm-none-eabi/11.3.1/../../../../arm-none-eabi/bin/ld.exe: ./Src/main.o: in function `main':
C:/Users/admin/Desktop/Aerospace_Training/HTS221_Demo/Debug/../Src/main.c:67: undefined reference to `HTS221_Init'
D:/STM32CubeIDE_1.13.2/STM32CubeIDE/plugins/com.st.stm32cube.ide.mcu.externaltools.gnu-tools-for-stm32.11.3.rel1.win32_1.1.1.202309131626/tools/bin/../lib/gcc/arm-none-eabi/11.3.1/../../../../arm-none-eabi/bin/ld.exe: C:/Users/admin/Desktop/Aerospace_Training/HTS221_Demo/Debug/../Src/main.c:86: undefined reference to `HTS221_ReadTemperatureC'
collect2.exe: error: ld returned 1 exit status
make: *** [makefile:63: HTS221_Demo.elf] Error 1
"make -j8 all" terminated with exit code 2. Build might be incomplete.
20:30:27 **** Incremental Build of configuration Debug for project HTS221_Demo ****
make -j8 all 
arm-none-eabi-gcc "../Src/main.c" -mcpu=cortex-m4 -std=gnu11 -g3 -DDEBUG -DSTM32L4 -DSTM32 -DB_L475E_IOT01A2 -DSTM32L475VGTx -c -I../Inc -I"C:/Users/admin/Desktop/Aerospace_Training/HTS221_Demo/App/Drivers" -O0 -ffunction-sections -fdata-sections -Wall -fstack-usage -fcyclomatic-complexity -MMD -MP -MF"Src/main.d" -MT"Src/main.o" --specs=nano.specs -mfpu=fpv4-sp-d16 -mfloat-abi=hard -mthumb -o "Src/main.o"
arm-none-eabi-gcc -o "HTS221_Demo.elf" @"objects.list"   -mcpu=cortex-m4 -T"C:\Users\admin\Desktop\Aerospace_Training\HTS221_Demo\STM32L475VGTX_FLASH.ld" --specs=nosys.specs -Wl,-Map="HTS221_Demo.map" -Wl,--gc-sections -static --specs=nano.specs -mfpu=fpv4-sp-d16 -mfloat-abi=hard -mthumb -Wl,--start-group -lc -lm -Wl,--end-group
D:/STM32CubeIDE_1.13.2/STM32CubeIDE/plugins/com.st.stm32cube.ide.mcu.externaltools.gnu-tools-for-stm32.11.3.rel1.win32_1.1.1.202309131626/tools/bin/../lib/gcc/arm-none-eabi/11.3.1/../../../../arm-none-eabi/bin/ld.exe: ./Src/main.o: in function `main':
C:/Users/admin/Desktop/Aerospace_Training/HTS221_Demo/Debug/../Src/main.c:67: undefined reference to `HTS221_Init'
D:/STM32CubeIDE_1.13.2/STM32CubeIDE/plugins/com.st.stm32cube.ide.mcu.externaltools.gnu-tools-for-stm32.11.3.rel1.win32_1.1.1.202309131626/tools/bin/../lib/gcc/arm-none-eabi/11.3.1/../../../../arm-none-eabi/bin/ld.exe: C:/Users/admin/Desktop/Aerospace_Training/HTS221_Demo/Debug/../Src/main.c:86: undefined reference to `HTS221_ReadTemperatureC'
collect2.exe: error: ld returned 1 exit status
make: *** [makefile:63: HTS221_Demo.elf] Error 1
"make -j8 all" terminated with exit code 2. Build might be incomplete.
21:32:41 **** Incremental Build of configuration Debug for project HTS221_Demo ****
make -j8 all 
arm-none-eabi-gcc "../Src/hts221.c" -mcpu=cortex-m4 -std=gnu11 -g3 -DDEBUG -DSTM32L4 -DSTM32 -DB_L475E_IOT01A2 -DSTM32L475VGTx -c -I../Inc -I"C:/Users/admin/Desktop/Aerospace_Training/HTS221_Demo/App/Drivers" -O0 -ffunction-sections -fdata-sections -Wall -fstack-usage -fcyclomatic-complexity -MMD -MP -MF"Src/hts221.d" -MT"Src/hts221.o" --specs=nano.specs -mfpu=fpv4-sp-d16 -mfloat-abi=hard -mthumb -o "Src/hts221.o"
arm-none-eabi-gcc "../Src/main.c" -mcpu=cortex-m4 -std=gnu11 -g3 -DDEBUG -DSTM32L4 -DSTM32 -DB_L475E_IOT01A2 -DSTM32L475VGTx -c -I../Inc -I"C:/Users/admin/Desktop/Aerospace_Training/HTS221_Demo/App/Drivers" -O0 -ffunction-sections -fdata-sections -Wall -fstack-usage -fcyclomatic-complexity -MMD -MP -MF"Src/main.d" -MT"Src/main.o" --specs=nano.specs -mfpu=fpv4-sp-d16 -mfloat-abi=hard -mthumb -o "Src/main.o"
arm-none-eabi-gcc "../Src/stm32l475xx_gpio_driver.c" -mcpu=cortex-m4 -std=gnu11 -g3 -DDEBUG -DSTM32L4 -DSTM32 -DB_L475E_IOT01A2 -DSTM32L475VGTx -c -I../Inc -I"C:/Users/admin/Desktop/Aerospace_Training/HTS221_Demo/App/Drivers" -O0 -ffunction-sections -fdata-sections -Wall -fstack-usage -fcyclomatic-complexity -MMD -MP -MF"Src/stm32l475xx_gpio_driver.d" -MT"Src/stm32l475xx_gpio_driver.o" --specs=nano.specs -mfpu=fpv4-sp-d16 -mfloat-abi=hard -mthumb -o "Src/stm32l475xx_gpio_driver.o"
arm-none-eabi-gcc "../Src/stm32l47xx_i2c_driver.c" -mcpu=cortex-m4 -std=gnu11 -g3 -DDEBUG -DSTM32L4 -DSTM32 -DB_L475E_IOT01A2 -DSTM32L475VGTx -c -I../Inc -I"C:/Users/admin/Desktop/Aerospace_Training/HTS221_Demo/App/Drivers" -O0 -ffunction-sections -fdata-sections -Wall -fstack-usage -fcyclomatic-complexity -MMD -MP -MF"Src/stm32l47xx_i2c_driver.d" -MT"Src/stm32l47xx_i2c_driver.o" --specs=nano.specs -mfpu=fpv4-sp-d16 -mfloat-abi=hard -mthumb -o "Src/stm32l47xx_i2c_driver.o"
arm-none-eabi-gcc "../Src/stm32l47xx_systick.c" -mcpu=cortex-m4 -std=gnu11 -g3 -DDEBUG -DSTM32L4 -DSTM32 -DB_L475E_IOT01A2 -DSTM32L475VGTx -c -I../Inc -I"C:/Users/admin/Desktop/Aerospace_Training/HTS221_Demo/App/Drivers" -O0 -ffunction-sections -fdata-sections -Wall -fstack-usage -fcyclomatic-complexity -MMD -MP -MF"Src/stm32l47xx_systick.d" -MT"Src/stm32l47xx_systick.o" --specs=nano.specs -mfpu=fpv4-sp-d16 -mfloat-abi=hard -mthumb -o "Src/stm32l47xx_systick.o"
arm-none-eabi-gcc "../Src/syscalls.c" -mcpu=cortex-m4 -std=gnu11 -g3 -DDEBUG -DSTM32L4 -DSTM32 -DB_L475E_IOT01A2 -DSTM32L475VGTx -c -I../Inc -I"C:/Users/admin/Desktop/Aerospace_Training/HTS221_Demo/App/Drivers" -O0 -ffunction-sections -fdata-sections -Wall -fstack-usage -fcyclomatic-complexity -MMD -MP -MF"Src/syscalls.d" -MT"Src/syscalls.o" --specs=nano.specs -mfpu=fpv4-sp-d16 -mfloat-abi=hard -mthumb -o "Src/syscalls.o"
arm-none-eabi-gcc "../Src/sysmem.c" -mcpu=cortex-m4 -std=gnu11 -g3 -DDEBUG -DSTM32L4 -DSTM32 -DB_L475E_IOT01A2 -DSTM32L475VGTx -c -I../Inc -I"C:/Users/admin/Desktop/Aerospace_Training/HTS221_Demo/App/Drivers" -O0 -ffunction-sections -fdata-sections -Wall -fstack-usage -fcyclomatic-complexity -MMD -MP -MF"Src/sysmem.d" -MT"Src/sysmem.o" --specs=nano.specs -mfpu=fpv4-sp-d16 -mfloat-abi=hard -mthumb -o "Src/sysmem.o"
../Src/hts221.c: In function 'hts221_read_u8':
../Src/hts221.c:18:24: error: expected expression before '/' token
   18 |                        /Sr=/1);
      |                        ^
../Src/hts221.c:25:27: error: expected expression before '/' token
   25 |                           /Sr=/0);
      |                           ^
../Src/hts221.c: In function 'hts221_write_u8':
../Src/hts221.c:42:24: error: expected expression before '/' token
   42 |                        /Sr=/0);
      |                        ^
../Src/stm32l47xx_i2c_driver.c: In function 'I2C_PeriClockControl':
../Src/stm32l47xx_i2c_driver.c:30:28: warning: implicit declaration of function 'I2C1_PCLK_EN'; did you mean 'I2C3_PCLK_EN'? [-Wimplicit-function-declaration]
   30 |         if (pI2Cx == I2C1) I2C1_PCLK_EN();
      |                            ^~~~~~~~~~~~
      |                            I2C3_PCLK_EN
../Src/stm32l47xx_i2c_driver.c: In function 'I2C_MasterReceiveData':
../Src/stm32l47xx_i2c_driver.c:122:9: warning: this 'while' clause does not guard... [-Wmisleading-indentation]
  122 |         while (pI2Cx->ISR & I2C_ISR_BUSY);
      |         ^~~~~
../Src/stm32l47xx_i2c_driver.c:124:13: note: ...this statement, but the latter is misleadingly indented as if it were guarded by the 'while'
  124 |             pI2Cx->CR2 &= ~(0x3FF | (1 << 10) | (1 << 11) | (1 << 12) | (0xFF << 16) | (1 << 25) | (1 << 13));
      |             ^~~~~
make: *** [Src/subdir.mk:37: Src/hts221.o] Error 1
make: *** Waiting for unfinished jobs....
"make -j8 all" terminated with exit code 2. Build might be incomplete.
21:36:47 **** Incremental Build of configuration Debug for project HTS221_Demo ****
make -j8 all 
arm-none-eabi-gcc "../Src/hts221.c" -mcpu=cortex-m4 -std=gnu11 -g3 -DDEBUG -DSTM32L4 -DSTM32 -DB_L475E_IOT01A2 -DSTM32L475VGTx -c -I../Inc -I"C:/Users/admin/Desktop/Aerospace_Training/HTS221_Demo/App/Drivers" -O0 -ffunction-sections -fdata-sections -Wall -fstack-usage -fcyclomatic-complexity -MMD -MP -MF"Src/hts221.d" -MT"Src/hts221.o" --specs=nano.specs -mfpu=fpv4-sp-d16 -mfloat-abi=hard -mthumb -o "Src/hts221.o"
arm-none-eabi-gcc -o "HTS221_Demo.elf" @"objects.list"   -mcpu=cortex-m4 -T"C:\Users\admin\Desktop\Aerospace_Training\HTS221_Demo\STM32L475VGTX_FLASH.ld" --specs=nosys.specs -Wl,-Map="HTS221_Demo.map" -Wl,--gc-sections -static --specs=nano.specs -mfpu=fpv4-sp-d16 -mfloat-abi=hard -mthumb -Wl,--start-group -lc -lm -Wl,--end-group
D:/STM32CubeIDE_1.13.2/STM32CubeIDE/plugins/com.st.stm32cube.ide.mcu.externaltools.gnu-tools-for-stm32.11.3.rel1.win32_1.1.1.202309131626/tools/bin/../lib/gcc/arm-none-eabi/11.3.1/../../../../arm-none-eabi/bin/ld.exe: ./Src/stm32l47xx_i2c_driver.o: in function `I2C_PeriClockControl':
C:/Users/admin/Desktop/Aerospace_Training/HTS221_Demo/Debug/../Src/stm32l47xx_i2c_driver.c:30: undefined reference to `I2C1_PCLK_EN'
collect2.exe: error: ld returned 1 exit status
make: *** [makefile:63: HTS221_Demo.elf] Error 1
"make -j8 all" terminated with exit code 2. Build might be incomplete.
21:38:33 **** Incremental Build of configuration Debug for project HTS221_Demo ****
make -j8 all 
arm-none-eabi-gcc "../Src/hts221.c" -mcpu=cortex-m4 -std=gnu11 -g3 -DDEBUG -DSTM32L4 -DSTM32 -DB_L475E_IOT01A2 -DSTM32L475VGTx -c -I../Inc -I"C:/Users/admin/Desktop/Aerospace_Training/HTS221_Demo/App/Drivers" -O0 -ffunction-sections -fdata-sections -Wall -fstack-usage -fcyclomatic-complexity -MMD -MP -MF"Src/hts221.d" -MT"Src/hts221.o" --specs=nano.specs -mfpu=fpv4-sp-d16 -mfloat-abi=hard -mthumb -o "Src/hts221.o"
arm-none-eabi-gcc "../Src/main.c" -mcpu=cortex-m4 -std=gnu11 -g3 -DDEBUG -DSTM32L4 -DSTM32 -DB_L475E_IOT01A2 -DSTM32L475VGTx -c -I../Inc -I"C:/Users/admin/Desktop/Aerospace_Training/HTS221_Demo/App/Drivers" -O0 -ffunction-sections -fdata-sections -Wall -fstack-usage -fcyclomatic-complexity -MMD -MP -MF"Src/main.d" -MT"Src/main.o" --specs=nano.specs -mfpu=fpv4-sp-d16 -mfloat-abi=hard -mthumb -o "Src/main.o"
arm-none-eabi-gcc "../Src/stm32l475xx_gpio_driver.c" -mcpu=cortex-m4 -std=gnu11 -g3 -DDEBUG -DSTM32L4 -DSTM32 -DB_L475E_IOT01A2 -DSTM32L475VGTx -c -I../Inc -I"C:/Users/admin/Desktop/Aerospace_Training/HTS221_Demo/App/Drivers" -O0 -ffunction-sections -fdata-sections -Wall -fstack-usage -fcyclomatic-complexity -MMD -MP -MF"Src/stm32l475xx_gpio_driver.d" -MT"Src/stm32l475xx_gpio_driver.o" --specs=nano.specs -mfpu=fpv4-sp-d16 -mfloat-abi=hard -mthumb -o "Src/stm32l475xx_gpio_driver.o"
arm-none-eabi-gcc "../Src/stm32l47xx_i2c_driver.c" -mcpu=cortex-m4 -std=gnu11 -g3 -DDEBUG -DSTM32L4 -DSTM32 -DB_L475E_IOT01A2 -DSTM32L475VGTx -c -I../Inc -I"C:/Users/admin/Desktop/Aerospace_Training/HTS221_Demo/App/Drivers" -O0 -ffunction-sections -fdata-sections -Wall -fstack-usage -fcyclomatic-complexity -MMD -MP -MF"Src/stm32l47xx_i2c_driver.d" -MT"Src/stm32l47xx_i2c_driver.o" --specs=nano.specs -mfpu=fpv4-sp-d16 -mfloat-abi=hard -mthumb -o "Src/stm32l47xx_i2c_driver.o"
../Src/stm32l47xx_i2c_driver.c: In function 'I2C_MasterReceiveData':
../Src/stm32l47xx_i2c_driver.c:122:9: warning: this 'while' clause does not guard... [-Wmisleading-indentation]
  122 |         while (pI2Cx->ISR & I2C_ISR_BUSY);
      |         ^~~~~
../Src/stm32l47xx_i2c_driver.c:124:13: note: ...this statement, but the latter is misleadingly indented as if it were guarded by the 'while'
  124 |             pI2Cx->CR2 &= ~(0x3FF | (1 << 10) | (1 << 11) | (1 << 12) | (0xFF << 16) | (1 << 25) | (1 << 13));
      |             ^~~~~
arm-none-eabi-gcc -o "HTS221_Demo.elf" @"objects.list"   -mcpu=cortex-m4 -T"C:\Users\admin\Desktop\Aerospace_Training\HTS221_Demo\STM32L475VGTX_FLASH.ld" --specs=nosys.specs -Wl,-Map="HTS221_Demo.map" -Wl,--gc-sections -static --specs=nano.specs -mfpu=fpv4-sp-d16 -mfloat-abi=hard -mthumb -Wl,--start-group -lc -lm -Wl,--end-group
Finished building target: HTS221_Demo.elf
 
arm-none-eabi-size   HTS221_Demo.elf 
arm-none-eabi-objdump -h -S  HTS221_Demo.elf  > "HTS221_Demo.list"
   text	   data	    bss	    dec	    hex	filename
   1836	      8	   1584	   3428	    d64	HTS221_Demo.elf
Finished building: default.size.stdout
 
Finished building: HTS221_Demo.list
 
21:38:44 **** Incremental Build of configuration Debug for project HTS221_Demo ****
make -j8 all 
arm-none-eabi-size   HTS221_Demo.elf 
   text	   data	    bss	    dec	    hex	filename
   1836	      8	   1584	   3428	    d64	HTS221_Demo.elf
Finished building: default.size.stdout
 
21:56:28 **** Incremental Build of configuration Debug for project HTS221_Demo ****
make -j8 all 
arm-none-eabi-gcc "../Src/main.c" -mcpu=cortex-m4 -std=gnu11 -g3 -DDEBUG -DSTM32L4 -DSTM32 -DB_L475E_IOT01A2 -DSTM32L475VGTx -c -I../Inc -I"C:/Users/admin/Desktop/Aerospace_Training/HTS221_Demo/App/Drivers" -O0 -ffunction-sections -fdata-sections -Wall -fstack-usage -fcyclomatic-complexity -MMD -MP -MF"Src/main.d" -MT"Src/main.o" --specs=nano.specs -mfpu=fpv4-sp-d16 -mfloat-abi=hard -mthumb -o "Src/main.o"
../Src/main.c: In function 'delay_busy':
../Src/main.c:35:9: warning: implicit declaration of function '_asm_' [-Wimplicit-function-declaration]
   35 |         _asm_("nop");
      |         ^~~~~
arm-none-eabi-gcc -o "HTS221_Demo.elf" @"objects.list"   -mcpu=cortex-m4 -T"C:\Users\admin\Desktop\Aerospace_Training\HTS221_Demo\STM32L475VGTX_FLASH.ld" --specs=nosys.specs -Wl,-Map="HTS221_Demo.map" -Wl,--gc-sections -static --specs=nano.specs -mfpu=fpv4-sp-d16 -mfloat-abi=hard -mthumb -Wl,--start-group -lc -lm -Wl,--end-group
D:/STM32CubeIDE_1.13.2/STM32CubeIDE/plugins/com.st.stm32cube.ide.mcu.externaltools.gnu-tools-for-stm32.11.3.rel1.win32_1.1.1.202309131626/tools/bin/../lib/gcc/arm-none-eabi/11.3.1/../../../../arm-none-eabi/bin/ld.exe: ./Src/main.o: in function `delay_busy':
C:/Users/admin/Desktop/Aerospace_Training/HTS221_Demo/Debug/../Src/main.c:35: undefined reference to `_asm_'
collect2.exe: error: ld returned 1 exit status
make: *** [makefile:63: HTS221_Demo.elf] Error 1
"make -j8 all" terminated with exit code 2. Build might be incomplete.
21:56:57 **** Incremental Build of configuration Debug for project HTS221_Demo ****
make -j8 all 
arm-none-eabi-gcc "../Src/main.c" -mcpu=cortex-m4 -std=gnu11 -g3 -DDEBUG -DSTM32L4 -DSTM32 -DB_L475E_IOT01A2 -DSTM32L475VGTx -c -I../Inc -I"C:/Users/admin/Desktop/Aerospace_Training/HTS221_Demo/App/Drivers" -O0 -ffunction-sections -fdata-sections -Wall -fstack-usage -fcyclomatic-complexity -MMD -MP -MF"Src/main.d" -MT"Src/main.o" --specs=nano.specs -mfpu=fpv4-sp-d16 -mfloat-abi=hard -mthumb -o "Src/main.o"
arm-none-eabi-gcc -o "HTS221_Demo.elf" @"objects.list"   -mcpu=cortex-m4 -T"C:\Users\admin\Desktop\Aerospace_Training\HTS221_Demo\STM32L475VGTX_FLASH.ld" --specs=nosys.specs -Wl,-Map="HTS221_Demo.map" -Wl,--gc-sections -static --specs=nano.specs -mfpu=fpv4-sp-d16 -mfloat-abi=hard -mthumb -Wl,--start-group -lc -lm -Wl,--end-group
Finished building target: HTS221_Demo.elf
 
arm-none-eabi-size   HTS221_Demo.elf 
arm-none-eabi-objdump -h -S  HTS221_Demo.elf  > "HTS221_Demo.list"
   text	   data	    bss	    dec	    hex	filename
   2520	      8	   1568	   4096	   1000	HTS221_Demo.elf
Finished building: default.size.stdout
 
Finished building: HTS221_Demo.list
 
21:57:00 **** Incremental Build of configuration Debug for project HTS221_Demo ****
make -j8 all 
arm-none-eabi-size   HTS221_Demo.elf 
   text	   data	    bss	    dec	    hex	filename
   2520	      8	   1568	   4096	   1000	HTS221_Demo.elf
Finished building: default.size.stdout
 
21:59:15 **** Incremental Build of configuration Debug for project HTS221_Demo ****
make -j8 all 
arm-none-eabi-gcc "../Src/main.c" -mcpu=cortex-m4 -std=gnu11 -g3 -DDEBUG -DSTM32L4 -DSTM32 -DB_L475E_IOT01A2 -DSTM32L475VGTx -c -I../Inc -I"C:/Users/admin/Desktop/Aerospace_Training/HTS221_Demo/App/Drivers" -O0 -ffunction-sections -fdata-sections -Wall -fstack-usage -fcyclomatic-complexity -MMD -MP -MF"Src/main.d" -MT"Src/main.o" --specs=nano.specs -mfpu=fpv4-sp-d16 -mfloat-abi=hard -mthumb -o "Src/main.o"
../Src/main.c: In function 'delay_busy':
../Src/main.c:37:9: warning: implicit declaration of function '_asm_' [-Wimplicit-function-declaration]
   37 |         _asm_("nop");
      |         ^~~~~
../Src/main.c: In function 'I2C_ReadReg_1byte':
../Src/main.c:86:24: error: expected expression before '/' token
   86 |                        /Sr=/1);  // Sr=1 -> queremos hacer repeated start después
      |                        ^
../Src/main.c:93:27: error: expected expression before '/' token
   93 |                           /Sr=/0); // Sr=0 -> STOP al final
      |                           ^
make: *** [Src/subdir.mk:37: Src/main.o] Error 1
"make -j8 all" terminated with exit code 2. Build might be incomplete.
22:00:01 **** Incremental Build of configuration Debug for project HTS221_Demo ****
make -j8 all 
arm-none-eabi-gcc "../Src/main.c" -mcpu=cortex-m4 -std=gnu11 -g3 -DDEBUG -DSTM32L4 -DSTM32 -DB_L475E_IOT01A2 -DSTM32L475VGTx -c -I../Inc -I"C:/Users/admin/Desktop/Aerospace_Training/HTS221_Demo/App/Drivers" -O0 -ffunction-sections -fdata-sections -Wall -fstack-usage -fcyclomatic-complexity -MMD -MP -MF"Src/main.d" -MT"Src/main.o" --specs=nano.specs -mfpu=fpv4-sp-d16 -mfloat-abi=hard -mthumb -o "Src/main.o"
arm-none-eabi-gcc -o "HTS221_Demo.elf" @"objects.list"   -mcpu=cortex-m4 -T"C:\Users\admin\Desktop\Aerospace_Training\HTS221_Demo\STM32L475VGTX_FLASH.ld" --specs=nosys.specs -Wl,-Map="HTS221_Demo.map" -Wl,--gc-sections -static --specs=nano.specs -mfpu=fpv4-sp-d16 -mfloat-abi=hard -mthumb -Wl,--start-group -lc -lm -Wl,--end-group
Finished building target: HTS221_Demo.elf
 
arm-none-eabi-size   HTS221_Demo.elf 
arm-none-eabi-objdump -h -S  HTS221_Demo.elf  > "HTS221_Demo.list"
   text	   data	    bss	    dec	    hex	filename
   3180	      8	   1568	   4756	   1294	HTS221_Demo.elf
Finished building: default.size.stdout
 
Finished building: HTS221_Demo.list
 
22:00:04 **** Incremental Build of configuration Debug for project HTS221_Demo ****
make -j8 all 
arm-none-eabi-size   HTS221_Demo.elf 
   text	   data	    bss	    dec	    hex	filename
   3180	      8	   1568	   4756	   1294	HTS221_Demo.elf
Finished building: default.size.stdout
 
22:02:29 **** Incremental Build of configuration Debug for project HTS221_Demo ****
make -j8 all 
arm-none-eabi-gcc "../Src/stm32l47xx_i2c_driver.c" -mcpu=cortex-m4 -std=gnu11 -g3 -DDEBUG -DSTM32L4 -DSTM32 -DB_L475E_IOT01A2 -DSTM32L475VGTx -c -I../Inc -I"C:/Users/admin/Desktop/Aerospace_Training/HTS221_Demo/App/Drivers" -O0 -ffunction-sections -fdata-sections -Wall -fstack-usage -fcyclomatic-complexity -MMD -MP -MF"Src/stm32l47xx_i2c_driver.d" -MT"Src/stm32l47xx_i2c_driver.o" --specs=nano.specs -mfpu=fpv4-sp-d16 -mfloat-abi=hard -mthumb -o "Src/stm32l47xx_i2c_driver.o"
../Src/stm32l47xx_i2c_driver.c: In function 'I2C_Init':
../Src/stm32l47xx_i2c_driver.c:39:50: error: 'GPIO_SPEED_MED' undeclared (first use in this function); did you mean 'GPIO_SPEED_LOW'?
   39 |     GpioI2C.GPIO_PinConfig.GPIO_PinSpeed       = GPIO_SPEED_MED;    // velocidad media
      |                                                  ^~~~~~~~~~~~~~
      |                                                  GPIO_SPEED_LOW
../Src/stm32l47xx_i2c_driver.c:39:50: note: each undeclared identifier is reported only once for each function it appears in
make: *** [Src/subdir.mk:37: Src/stm32l47xx_i2c_driver.o] Error 1
"make -j8 all" terminated with exit code 2. Build might be incomplete.
22:03:14 **** Incremental Build of configuration Debug for project HTS221_Demo ****
make -j8 all 
arm-none-eabi-gcc "../Src/stm32l47xx_i2c_driver.c" -mcpu=cortex-m4 -std=gnu11 -g3 -DDEBUG -DSTM32L4 -DSTM32 -DB_L475E_IOT01A2 -DSTM32L475VGTx -c -I../Inc -I"C:/Users/admin/Desktop/Aerospace_Training/HTS221_Demo/App/Drivers" -O0 -ffunction-sections -fdata-sections -Wall -fstack-usage -fcyclomatic-complexity -MMD -MP -MF"Src/stm32l47xx_i2c_driver.d" -MT"Src/stm32l47xx_i2c_driver.o" --specs=nano.specs -mfpu=fpv4-sp-d16 -mfloat-abi=hard -mthumb -o "Src/stm32l47xx_i2c_driver.o"
../Src/stm32l47xx_i2c_driver.c: In function 'I2C_Init':
../Src/stm32l47xx_i2c_driver.c:50:50: error: 'GPIO_SPEED_MED' undeclared (first use in this function); did you mean 'GPIO_SPEED_LOW'?
   50 |     GpioI2C.GPIO_PinConfig.GPIO_PinSpeed       = GPIO_SPEED_MED;
      |                                                  ^~~~~~~~~~~~~~
      |                                                  GPIO_SPEED_LOW
../Src/stm32l47xx_i2c_driver.c:50:50: note: each undeclared identifier is reported only once for each function it appears in
make: *** [Src/subdir.mk:37: Src/stm32l47xx_i2c_driver.o] Error 1
"make -j8 all" terminated with exit code 2. Build might be incomplete.
22:03:34 **** Incremental Build of configuration Debug for project HTS221_Demo ****
make -j8 all 
arm-none-eabi-gcc "../Src/stm32l47xx_i2c_driver.c" -mcpu=cortex-m4 -std=gnu11 -g3 -DDEBUG -DSTM32L4 -DSTM32 -DB_L475E_IOT01A2 -DSTM32L475VGTx -c -I../Inc -I"C:/Users/admin/Desktop/Aerospace_Training/HTS221_Demo/App/Drivers" -O0 -ffunction-sections -fdata-sections -Wall -fstack-usage -fcyclomatic-complexity -MMD -MP -MF"Src/stm32l47xx_i2c_driver.d" -MT"Src/stm32l47xx_i2c_driver.o" --specs=nano.specs -mfpu=fpv4-sp-d16 -mfloat-abi=hard -mthumb -o "Src/stm32l47xx_i2c_driver.o"
arm-none-eabi-gcc -o "HTS221_Demo.elf" @"objects.list"   -mcpu=cortex-m4 -T"C:\Users\admin\Desktop\Aerospace_Training\HTS221_Demo\STM32L475VGTX_FLASH.ld" --specs=nosys.specs -Wl,-Map="HTS221_Demo.map" -Wl,--gc-sections -static --specs=nano.specs -mfpu=fpv4-sp-d16 -mfloat-abi=hard -mthumb -Wl,--start-group -lc -lm -Wl,--end-group
D:/STM32CubeIDE_1.13.2/STM32CubeIDE/plugins/com.st.stm32cube.ide.mcu.externaltools.gnu-tools-for-stm32.11.3.rel1.win32_1.1.1.202309131626/tools/bin/../lib/gcc/arm-none-eabi/11.3.1/../../../../arm-none-eabi/bin/ld.exe: ./Src/main.o: in function `I2C_ReadReg_1byte':
C:/Users/admin/Desktop/Aerospace_Training/HTS221_Demo/Debug/../Src/main.c:82: undefined reference to `I2C_MasterSendData'
D:/STM32CubeIDE_1.13.2/STM32CubeIDE/plugins/com.st.stm32cube.ide.mcu.externaltools.gnu-tools-for-stm32.11.3.rel1.win32_1.1.1.202309131626/tools/bin/../lib/gcc/arm-none-eabi/11.3.1/../../../../arm-none-eabi/bin/ld.exe: C:/Users/admin/Desktop/Aerospace_Training/HTS221_Demo/Debug/../Src/main.c:89: undefined reference to `I2C_MasterReceiveData'
collect2.exe: error: ld returned 1 exit status
make: *** [makefile:63: HTS221_Demo.elf] Error 1
"make -j8 all" terminated with exit code 2. Build might be incomplete.
22:06:02 **** Incremental Build of configuration Debug for project HTS221_Demo ****
make -j8 all 
arm-none-eabi-gcc -o "HTS221_Demo.elf" @"objects.list"   -mcpu=cortex-m4 -T"C:\Users\admin\Desktop\Aerospace_Training\HTS221_Demo\STM32L475VGTX_FLASH.ld" --specs=nosys.specs -Wl,-Map="HTS221_Demo.map" -Wl,--gc-sections -static --specs=nano.specs -mfpu=fpv4-sp-d16 -mfloat-abi=hard -mthumb -Wl,--start-group -lc -lm -Wl,--end-group
D:/STM32CubeIDE_1.13.2/STM32CubeIDE/plugins/com.st.stm32cube.ide.mcu.externaltools.gnu-tools-for-stm32.11.3.rel1.win32_1.1.1.202309131626/tools/bin/../lib/gcc/arm-none-eabi/11.3.1/../../../../arm-none-eabi/bin/ld.exe: ./Src/main.o: in function `I2C_ReadReg_1byte':
C:/Users/admin/Desktop/Aerospace_Training/HTS221_Demo/Debug/../Src/main.c:82: undefined reference to `I2C_MasterSendData'
D:/STM32CubeIDE_1.13.2/STM32CubeIDE/plugins/com.st.stm32cube.ide.mcu.externaltools.gnu-tools-for-stm32.11.3.rel1.win32_1.1.1.202309131626/tools/bin/../lib/gcc/arm-none-eabi/11.3.1/../../../../arm-none-eabi/bin/ld.exe: C:/Users/admin/Desktop/Aerospace_Training/HTS221_Demo/Debug/../Src/main.c:89: undefined reference to `I2C_MasterReceiveData'
collect2.exe: error: ld returned 1 exit status
make: *** [makefile:63: HTS221_Demo.elf] Error 1
"make -j8 all" terminated with exit code 2. Build might be incomplete.
21:06:31 **** Incremental Build of configuration Debug for project HTS221_Demo ****
make -j8 all 
arm-none-eabi-gcc "../Src/stm32l47xx_i2c_driver.c" -mcpu=cortex-m4 -std=gnu11 -g3 -DDEBUG -DSTM32L4 -DSTM32 -DB_L475E_IOT01A2 -DSTM32L475VGTx -c -I../Inc -I"C:/Users/admin/Desktop/Aerospace_Training/HTS221_Demo/App/Drivers" -O0 -ffunction-sections -fdata-sections -Wall -fstack-usage -fcyclomatic-complexity -MMD -MP -MF"Src/stm32l47xx_i2c_driver.d" -MT"Src/stm32l47xx_i2c_driver.o" --specs=nano.specs -mfpu=fpv4-sp-d16 -mfloat-abi=hard -mthumb -o "Src/stm32l47xx_i2c_driver.o"
../Src/stm32l47xx_i2c_driver.c: In function 'I2C_MasterReceiveData':
../Src/stm32l47xx_i2c_driver.c:93:9: warning: this 'while' clause does not guard... [-Wmisleading-indentation]
   93 |         while (pI2Cx->ISR & I2C_ISR_BUSY);
      |         ^~~~~
../Src/stm32l47xx_i2c_driver.c:95:13: note: ...this statement, but the latter is misleadingly indented as if it were guarded by the 'while'
   95 |             pI2Cx->CR2 &= ~(0x3FF | (1 << 10) | (1 << 11) | (1 << 12) | (0xFF << 16) | (1 << 25) | (1 << 13));
      |             ^~~~~
arm-none-eabi-gcc -o "HTS221_Demo.elf" @"objects.list"   -mcpu=cortex-m4 -T"C:\Users\admin\Desktop\Aerospace_Training\HTS221_Demo\STM32L475VGTX_FLASH.ld" --specs=nosys.specs -Wl,-Map="HTS221_Demo.map" -Wl,--gc-sections -static --specs=nano.specs -mfpu=fpv4-sp-d16 -mfloat-abi=hard -mthumb -Wl,--start-group -lc -lm -Wl,--end-group
Finished building target: HTS221_Demo.elf
 
arm-none-eabi-size   HTS221_Demo.elf 
arm-none-eabi-objdump -h -S  HTS221_Demo.elf  > "HTS221_Demo.list"
   text	   data	    bss	    dec	    hex	filename
   3268	      8	   1568	   4844	   12ec	HTS221_Demo.elf
Finished building: default.size.stdout
 
Finished building: HTS221_Demo.list
 
21:06:42 **** Incremental Build of configuration Debug for project HTS221_Demo ****
make -j8 all 
arm-none-eabi-size   HTS221_Demo.elf 
   text	   data	    bss	    dec	    hex	filename
   3268	      8	   1568	   4844	   12ec	HTS221_Demo.elf
Finished building: default.size.stdout
 
22:41:43 **** Clean-only build of configuration Debug for project stm32l47xx_drivers ****
make -j8 clean 
rm -rf ./Src/i2c_scanner.cyclo ./Src/i2c_scanner.d ./Src/i2c_scanner.o ./Src/i2c_scanner.su ./Src/stm32l475xx_spi_driver.cyclo ./Src/stm32l475xx_spi_driver.d ./Src/stm32l475xx_spi_driver.o ./Src/stm32l475xx_spi_driver.su ./Src/stm32l47xx_adc_driver.cyclo ./Src/stm32l47xx_adc_driver.d ./Src/stm32l47xx_adc_driver.o ./Src/stm32l47xx_adc_driver.su ./Src/stm32l47xx_drivers.cyclo ./Src/stm32l47xx_drivers.d ./Src/stm32l47xx_drivers.o ./Src/stm32l47xx_drivers.su ./Src/stm32l47xx_hts221.cyclo ./Src/stm32l47xx_hts221.d ./Src/stm32l47xx_hts221.o ./Src/stm32l47xx_hts221.su ./Src/stm32l47xx_i2c_driver.cyclo ./Src/stm32l47xx_i2c_driver.d ./Src/stm32l47xx_i2c_driver.o ./Src/stm32l47xx_i2c_driver.su ./Src/stm32l47xx_systick.cyclo ./Src/stm32l47xx_systick.d ./Src/stm32l47xx_systick.o ./Src/stm32l47xx_systick.su ./Src/syscalls.cyclo ./Src/syscalls.d ./Src/syscalls.o ./Src/syscalls.su ./Src/sysmem.cyclo ./Src/sysmem.d ./Src/sysmem.o ./Src/sysmem.su
rm -rf libstm32l47xx_drivers.a
 
22:41:44 **** Build of configuration Debug for project stm32l47xx_drivers ****
make -j8 all 
arm-none-eabi-gcc "C:/Users/admin/Desktop/stm32-projects/007spi_tx_testing/Src/main.c" -mcpu=cortex-m4 -std=gnu11 -g3 -DDEBUG -DSTM32L4 -DSTM32 -DB_L475E_IOT01A2 -DSTM32L475VGTx -c -I../Inc -O0 -ffunction-sections -fdata-sections -Wall -fstack-usage -fcyclomatic-complexity -MMD -MP -MF"Src/main.d" -MT"Src/main.o" --specs=nano.specs -mfpu=fpv4-sp-d16 -mfloat-abi=hard -mthumb -o "Src/main.o"
arm-none-eabi-gcc "../Src/stm32l475xx_gpio_driver.c" -mcpu=cortex-m4 -std=gnu11 -g3 -DDEBUG -DSTM32L4 -DSTM32 -DB_L475E_IOT01A2 -DSTM32L475VGTx -c -I../Inc -O0 -ffunction-sections -fdata-sections -Wall -fstack-usage -fcyclomatic-complexity -MMD -MP -MF"Src/stm32l475xx_gpio_driver.d" -MT"Src/stm32l475xx_gpio_driver.o" --specs=nano.specs -mfpu=fpv4-sp-d16 -mfloat-abi=hard -mthumb -o "Src/stm32l475xx_gpio_driver.o"
arm-none-eabi-gcc "../Src/stm32l475xx_spi_driver.c" -mcpu=cortex-m4 -std=gnu11 -g3 -DDEBUG -DSTM32L4 -DSTM32 -DB_L475E_IOT01A2 -DSTM32L475VGTx -c -I../Inc -O0 -ffunction-sections -fdata-sections -Wall -fstack-usage -fcyclomatic-complexity -MMD -MP -MF"Src/stm32l475xx_spi_driver.d" -MT"Src/stm32l475xx_spi_driver.o" --specs=nano.specs -mfpu=fpv4-sp-d16 -mfloat-abi=hard -mthumb -o "Src/stm32l475xx_spi_driver.o"
arm-none-eabi-gcc "../Src/stm32l47xx_adc_driver.c" -mcpu=cortex-m4 -std=gnu11 -g3 -DDEBUG -DSTM32L4 -DSTM32 -DB_L475E_IOT01A2 -DSTM32L475VGTx -c -I../Inc -O0 -ffunction-sections -fdata-sections -Wall -fstack-usage -fcyclomatic-complexity -MMD -MP -MF"Src/stm32l47xx_adc_driver.d" -MT"Src/stm32l47xx_adc_driver.o" --specs=nano.specs -mfpu=fpv4-sp-d16 -mfloat-abi=hard -mthumb -o "Src/stm32l47xx_adc_driver.o"
arm-none-eabi-gcc "../Src/stm32l47xx_drivers.c" -mcpu=cortex-m4 -std=gnu11 -g3 -DDEBUG -DSTM32L4 -DSTM32 -DB_L475E_IOT01A2 -DSTM32L475VGTx -c -I../Inc -O0 -ffunction-sections -fdata-sections -Wall -fstack-usage -fcyclomatic-complexity -MMD -MP -MF"Src/stm32l47xx_drivers.d" -MT"Src/stm32l47xx_drivers.o" --specs=nano.specs -mfpu=fpv4-sp-d16 -mfloat-abi=hard -mthumb -o "Src/stm32l47xx_drivers.o"
arm-none-eabi-gcc "../Src/stm32l47xx_hts221.c" -mcpu=cortex-m4 -std=gnu11 -g3 -DDEBUG -DSTM32L4 -DSTM32 -DB_L475E_IOT01A2 -DSTM32L475VGTx -c -I../Inc -O0 -ffunction-sections -fdata-sections -Wall -fstack-usage -fcyclomatic-complexity -MMD -MP -MF"Src/stm32l47xx_hts221.d" -MT"Src/stm32l47xx_hts221.o" --specs=nano.specs -mfpu=fpv4-sp-d16 -mfloat-abi=hard -mthumb -o "Src/stm32l47xx_hts221.o"
arm-none-eabi-gcc "../Src/stm32l47xx_i2c_driver.c" -mcpu=cortex-m4 -std=gnu11 -g3 -DDEBUG -DSTM32L4 -DSTM32 -DB_L475E_IOT01A2 -DSTM32L475VGTx -c -I../Inc -O0 -ffunction-sections -fdata-sections -Wall -fstack-usage -fcyclomatic-complexity -MMD -MP -MF"Src/stm32l47xx_i2c_driver.d" -MT"Src/stm32l47xx_i2c_driver.o" --specs=nano.specs -mfpu=fpv4-sp-d16 -mfloat-abi=hard -mthumb -o "Src/stm32l47xx_i2c_driver.o"
arm-none-eabi-gcc "../Src/stm32l47xx_systick.c" -mcpu=cortex-m4 -std=gnu11 -g3 -DDEBUG -DSTM32L4 -DSTM32 -DB_L475E_IOT01A2 -DSTM32L475VGTx -c -I../Inc -O0 -ffunction-sections -fdata-sections -Wall -fstack-usage -fcyclomatic-complexity -MMD -MP -MF"Src/stm32l47xx_systick.d" -MT"Src/stm32l47xx_systick.o" --specs=nano.specs -mfpu=fpv4-sp-d16 -mfloat-abi=hard -mthumb -o "Src/stm32l47xx_systick.o"
../Src/stm32l47xx_i2c_driver.c: In function 'I2C2_GPIO_Init':
../Src/stm32l47xx_hts221.c: In function 'HTS221_ReadWHOAMI':
C:/Users/admin/Desktop/stm32-projects/007spi_tx_testing/Src/main.c: In function 'delay_busy':
../Src/stm32l47xx_hts221.c:20:5: warning: implicit declaration of function 'I2C_MasterSendData' [-Wimplicit-function-declaration]
   20 |     I2C_MasterSendData(I2C_Handle->pI2Cx, &reg, 1, HTS221_ADDR, 0);
      |     ^~~~~~~~~~~~~~~~~~
../Src/stm32l47xx_i2c_driver.c:27:46: error: 'GPIO_SPEED_MED' undeclared (first use in this function); did you mean 'GPIO_SPEED_LOW'?
   27 |     pin.GPIO_PinConfig.GPIO_PinSpeed       = GPIO_SPEED_MED;    // Medium speed
      |                                              ^~~~~~~~~~~~~~
      |                                              GPIO_SPEED_LOW
C:/Users/admin/Desktop/stm32-projects/007spi_tx_testing/Src/main.c:31:9: warning: implicit declaration of function '_asm_' [-Wimplicit-function-declaration]
   31 |         _asm_("nop");
      |         ^~~~~
../Src/stm32l47xx_i2c_driver.c:27:46: note: each undeclared identifier is reported only once for each function it appears in
../Src/stm32l47xx_hts221.c:21:5: warning: implicit declaration of function 'I2C_MasterReceiveData' [-Wimplicit-function-declaration]
   21 |     I2C_MasterReceiveData(I2C_Handle->pI2Cx, &value, 1, HTS221_ADDR, 0);
      |     ^~~~~~~~~~~~~~~~~~~~~
make: *** [Src/subdir.mk:48: Src/stm32l47xx_i2c_driver.o] Error 1
make: *** Waiting for unfinished jobs....
"make -j8 all" terminated with exit code 2. Build might be incomplete.
22:42:18 **** Incremental Build of configuration Debug for project stm32l47xx_drivers ****
make -j8 all 
arm-none-eabi-gcc "../Src/stm32l47xx_i2c_driver.c" -mcpu=cortex-m4 -std=gnu11 -g3 -DDEBUG -DSTM32L4 -DSTM32 -DB_L475E_IOT01A2 -DSTM32L475VGTx -c -I../Inc -O0 -ffunction-sections -fdata-sections -Wall -fstack-usage -fcyclomatic-complexity -MMD -MP -MF"Src/stm32l47xx_i2c_driver.d" -MT"Src/stm32l47xx_i2c_driver.o" --specs=nano.specs -mfpu=fpv4-sp-d16 -mfloat-abi=hard -mthumb -o "Src/stm32l47xx_i2c_driver.o"
arm-none-eabi-gcc "../Src/syscalls.c" -mcpu=cortex-m4 -std=gnu11 -g3 -DDEBUG -DSTM32L4 -DSTM32 -DB_L475E_IOT01A2 -DSTM32L475VGTx -c -I../Inc -O0 -ffunction-sections -fdata-sections -Wall -fstack-usage -fcyclomatic-complexity -MMD -MP -MF"Src/syscalls.d" -MT"Src/syscalls.o" --specs=nano.specs -mfpu=fpv4-sp-d16 -mfloat-abi=hard -mthumb -o "Src/syscalls.o"
arm-none-eabi-gcc "../Src/sysmem.c" -mcpu=cortex-m4 -std=gnu11 -g3 -DDEBUG -DSTM32L4 -DSTM32 -DB_L475E_IOT01A2 -DSTM32L475VGTx -c -I../Inc -O0 -ffunction-sections -fdata-sections -Wall -fstack-usage -fcyclomatic-complexity -MMD -MP -MF"Src/sysmem.d" -MT"Src/sysmem.o" --specs=nano.specs -mfpu=fpv4-sp-d16 -mfloat-abi=hard -mthumb -o "Src/sysmem.o"
arm-none-eabi-gcc "../Inc/test.c" -mcpu=cortex-m4 -std=gnu11 -g3 -DDEBUG -DSTM32L4 -DSTM32 -DB_L475E_IOT01A2 -DSTM32L475VGTx -c -I../Inc -O0 -ffunction-sections -fdata-sections -Wall -fstack-usage -fcyclomatic-complexity -MMD -MP -MF"Inc/test.d" -MT"Inc/test.o" --specs=nano.specs -mfpu=fpv4-sp-d16 -mfloat-abi=hard -mthumb -o "Inc/test.o"
arm-none-eabi-ar -r  "libstm32l47xx_drivers.a" @"objects.list"  
arm-none-eabi-ar: creating libstm32l47xx_drivers.a
Finished building target: libstm32l47xx_drivers.a
 
22:42:47 **** Incremental Build of configuration Debug for project stm32l47xx_drivers ****
make -j8 all 
make: Nothing to be done for 'all'.
22:43:28 **** Incremental Build of configuration Debug for project stm32l47xx_drivers ****
make -j8 all 
make: Nothing to be done for 'all'.
21:41:15 **** Build of configuration Debug for project RTOS Flight Control Logic - Task Scheduling and Vitals ****
make -j8 all 
arm-none-eabi-gcc "../Middlewares/Third_Party/FreeRTOS/Source/portable/MemMang/heap_4.c" -mcpu=cortex-m4 -std=gnu11 -g3 -DDEBUG -DUSE_HAL_DRIVER -DSTM32L475xx -c -I../Core/Inc -I../Drivers/STM32L4xx_HAL_Driver/Inc -I../Drivers/STM32L4xx_HAL_Driver/Inc/Legacy -I../Drivers/CMSIS/Device/ST/STM32L4xx/Include -I../Drivers/CMSIS/Include -I../Middlewares/Third_Party/FreeRTOS/Source/include -I../Middlewares/Third_Party/FreeRTOS/Source/CMSIS_RTOS_V2 -I../Middlewares/Third_Party/FreeRTOS/Source/portable/GCC/ARM_CM4F -O0 -ffunction-sections -fdata-sections -Wall -fstack-usage -fcyclomatic-complexity -MMD -MP -MF"Middlewares/Third_Party/FreeRTOS/Source/portable/MemMang/heap_4.d" -MT"Middlewares/Third_Party/FreeRTOS/Source/portable/MemMang/heap_4.o" --specs=nano.specs -mfpu=fpv4-sp-d16 -mfloat-abi=hard -mthumb -o "Middlewares/Third_Party/FreeRTOS/Source/portable/MemMang/heap_4.o"
arm-none-eabi-gcc "../Middlewares/Third_Party/FreeRTOS/Source/portable/GCC/ARM_CM4F/port.c" -mcpu=cortex-m4 -std=gnu11 -g3 -DDEBUG -DUSE_HAL_DRIVER -DSTM32L475xx -c -I../Core/Inc -I../Drivers/STM32L4xx_HAL_Driver/Inc -I../Drivers/STM32L4xx_HAL_Driver/Inc/Legacy -I../Drivers/CMSIS/Device/ST/STM32L4xx/Include -I../Drivers/CMSIS/Include -I../Middlewares/Third_Party/FreeRTOS/Source/include -I../Middlewares/Third_Party/FreeRTOS/Source/CMSIS_RTOS_V2 -I../Middlewares/Third_Party/FreeRTOS/Source/portable/GCC/ARM_CM4F -O0 -ffunction-sections -fdata-sections -Wall -fstack-usage -fcyclomatic-complexity -MMD -MP -MF"Middlewares/Third_Party/FreeRTOS/Source/portable/GCC/ARM_CM4F/port.d" -MT"Middlewares/Third_Party/FreeRTOS/Source/portable/GCC/ARM_CM4F/port.o" --specs=nano.specs -mfpu=fpv4-sp-d16 -mfloat-abi=hard -mthumb -o "Middlewares/Third_Party/FreeRTOS/Source/portable/GCC/ARM_CM4F/port.o"
arm-none-eabi-gcc "../Middlewares/Third_Party/FreeRTOS/Source/CMSIS_RTOS_V2/cmsis_os2.c" -mcpu=cortex-m4 -std=gnu11 -g3 -DDEBUG -DUSE_HAL_DRIVER -DSTM32L475xx -c -I../Core/Inc -I../Drivers/STM32L4xx_HAL_Driver/Inc -I../Drivers/STM32L4xx_HAL_Driver/Inc/Legacy -I../Drivers/CMSIS/Device/ST/STM32L4xx/Include -I../Drivers/CMSIS/Include -I../Middlewares/Third_Party/FreeRTOS/Source/include -I../Middlewares/Third_Party/FreeRTOS/Source/CMSIS_RTOS_V2 -I../Middlewares/Third_Party/FreeRTOS/Source/portable/GCC/ARM_CM4F -O0 -ffunction-sections -fdata-sections -Wall -fstack-usage -fcyclomatic-complexity -MMD -MP -MF"Middlewares/Third_Party/FreeRTOS/Source/CMSIS_RTOS_V2/cmsis_os2.d" -MT"Middlewares/Third_Party/FreeRTOS/Source/CMSIS_RTOS_V2/cmsis_os2.o" --specs=nano.specs -mfpu=fpv4-sp-d16 -mfloat-abi=hard -mthumb -o "Middlewares/Third_Party/FreeRTOS/Source/CMSIS_RTOS_V2/cmsis_os2.o"
arm-none-eabi-gcc "../Middlewares/Third_Party/FreeRTOS/Source/croutine.c" -mcpu=cortex-m4 -std=gnu11 -g3 -DDEBUG -DUSE_HAL_DRIVER -DSTM32L475xx -c -I../Core/Inc -I../Drivers/STM32L4xx_HAL_Driver/Inc -I../Drivers/STM32L4xx_HAL_Driver/Inc/Legacy -I../Drivers/CMSIS/Device/ST/STM32L4xx/Include -I../Drivers/CMSIS/Include -I../Middlewares/Third_Party/FreeRTOS/Source/include -I../Middlewares/Third_Party/FreeRTOS/Source/CMSIS_RTOS_V2 -I../Middlewares/Third_Party/FreeRTOS/Source/portable/GCC/ARM_CM4F -O0 -ffunction-sections -fdata-sections -Wall -fstack-usage -fcyclomatic-complexity -MMD -MP -MF"Middlewares/Third_Party/FreeRTOS/Source/croutine.d" -MT"Middlewares/Third_Party/FreeRTOS/Source/croutine.o" --specs=nano.specs -mfpu=fpv4-sp-d16 -mfloat-abi=hard -mthumb -o "Middlewares/Third_Party/FreeRTOS/Source/croutine.o"
arm-none-eabi-gcc "../Middlewares/Third_Party/FreeRTOS/Source/event_groups.c" -mcpu=cortex-m4 -std=gnu11 -g3 -DDEBUG -DUSE_HAL_DRIVER -DSTM32L475xx -c -I../Core/Inc -I../Drivers/STM32L4xx_HAL_Driver/Inc -I../Drivers/STM32L4xx_HAL_Driver/Inc/Legacy -I../Drivers/CMSIS/Device/ST/STM32L4xx/Include -I../Drivers/CMSIS/Include -I../Middlewares/Third_Party/FreeRTOS/Source/include -I../Middlewares/Third_Party/FreeRTOS/Source/CMSIS_RTOS_V2 -I../Middlewares/Third_Party/FreeRTOS/Source/portable/GCC/ARM_CM4F -O0 -ffunction-sections -fdata-sections -Wall -fstack-usage -fcyclomatic-complexity -MMD -MP -MF"Middlewares/Third_Party/FreeRTOS/Source/event_groups.d" -MT"Middlewares/Third_Party/FreeRTOS/Source/event_groups.o" --specs=nano.specs -mfpu=fpv4-sp-d16 -mfloat-abi=hard -mthumb -o "Middlewares/Third_Party/FreeRTOS/Source/event_groups.o"
arm-none-eabi-gcc "../Middlewares/Third_Party/FreeRTOS/Source/list.c" -mcpu=cortex-m4 -std=gnu11 -g3 -DDEBUG -DUSE_HAL_DRIVER -DSTM32L475xx -c -I../Core/Inc -I../Drivers/STM32L4xx_HAL_Driver/Inc -I../Drivers/STM32L4xx_HAL_Driver/Inc/Legacy -I../Drivers/CMSIS/Device/ST/STM32L4xx/Include -I../Drivers/CMSIS/Include -I../Middlewares/Third_Party/FreeRTOS/Source/include -I../Middlewares/Third_Party/FreeRTOS/Source/CMSIS_RTOS_V2 -I../Middlewares/Third_Party/FreeRTOS/Source/portable/GCC/ARM_CM4F -O0 -ffunction-sections -fdata-sections -Wall -fstack-usage -fcyclomatic-complexity -MMD -MP -MF"Middlewares/Third_Party/FreeRTOS/Source/list.d" -MT"Middlewares/Third_Party/FreeRTOS/Source/list.o" --specs=nano.specs -mfpu=fpv4-sp-d16 -mfloat-abi=hard -mthumb -o "Middlewares/Third_Party/FreeRTOS/Source/list.o"
arm-none-eabi-gcc "../Middlewares/Third_Party/FreeRTOS/Source/queue.c" -mcpu=cortex-m4 -std=gnu11 -g3 -DDEBUG -DUSE_HAL_DRIVER -DSTM32L475xx -c -I../Core/Inc -I../Drivers/STM32L4xx_HAL_Driver/Inc -I../Drivers/STM32L4xx_HAL_Driver/Inc/Legacy -I../Drivers/CMSIS/Device/ST/STM32L4xx/Include -I../Drivers/CMSIS/Include -I../Middlewares/Third_Party/FreeRTOS/Source/include -I../Middlewares/Third_Party/FreeRTOS/Source/CMSIS_RTOS_V2 -I../Middlewares/Third_Party/FreeRTOS/Source/portable/GCC/ARM_CM4F -O0 -ffunction-sections -fdata-sections -Wall -fstack-usage -fcyclomatic-complexity -MMD -MP -MF"Middlewares/Third_Party/FreeRTOS/Source/queue.d" -MT"Middlewares/Third_Party/FreeRTOS/Source/queue.o" --specs=nano.specs -mfpu=fpv4-sp-d16 -mfloat-abi=hard -mthumb -o "Middlewares/Third_Party/FreeRTOS/Source/queue.o"
arm-none-eabi-gcc "../Middlewares/Third_Party/FreeRTOS/Source/stream_buffer.c" -mcpu=cortex-m4 -std=gnu11 -g3 -DDEBUG -DUSE_HAL_DRIVER -DSTM32L475xx -c -I../Core/Inc -I../Drivers/STM32L4xx_HAL_Driver/Inc -I../Drivers/STM32L4xx_HAL_Driver/Inc/Legacy -I../Drivers/CMSIS/Device/ST/STM32L4xx/Include -I../Drivers/CMSIS/Include -I../Middlewares/Third_Party/FreeRTOS/Source/include -I../Middlewares/Third_Party/FreeRTOS/Source/CMSIS_RTOS_V2 -I../Middlewares/Third_Party/FreeRTOS/Source/portable/GCC/ARM_CM4F -O0 -ffunction-sections -fdata-sections -Wall -fstack-usage -fcyclomatic-complexity -MMD -MP -MF"Middlewares/Third_Party/FreeRTOS/Source/stream_buffer.d" -MT"Middlewares/Third_Party/FreeRTOS/Source/stream_buffer.o" --specs=nano.specs -mfpu=fpv4-sp-d16 -mfloat-abi=hard -mthumb -o "Middlewares/Third_Party/FreeRTOS/Source/stream_buffer.o"
arm-none-eabi-gcc "../Middlewares/Third_Party/FreeRTOS/Source/tasks.c" -mcpu=cortex-m4 -std=gnu11 -g3 -DDEBUG -DUSE_HAL_DRIVER -DSTM32L475xx -c -I../Core/Inc -I../Drivers/STM32L4xx_HAL_Driver/Inc -I../Drivers/STM32L4xx_HAL_Driver/Inc/Legacy -I../Drivers/CMSIS/Device/ST/STM32L4xx/Include -I../Drivers/CMSIS/Include -I../Middlewares/Third_Party/FreeRTOS/Source/include -I../Middlewares/Third_Party/FreeRTOS/Source/CMSIS_RTOS_V2 -I../Middlewares/Third_Party/FreeRTOS/Source/portable/GCC/ARM_CM4F -O0 -ffunction-sections -fdata-sections -Wall -fstack-usage -fcyclomatic-complexity -MMD -MP -MF"Middlewares/Third_Party/FreeRTOS/Source/tasks.d" -MT"Middlewares/Third_Party/FreeRTOS/Source/tasks.o" --specs=nano.specs -mfpu=fpv4-sp-d16 -mfloat-abi=hard -mthumb -o "Middlewares/Third_Party/FreeRTOS/Source/tasks.o"
arm-none-eabi-gcc "../Middlewares/Third_Party/FreeRTOS/Source/timers.c" -mcpu=cortex-m4 -std=gnu11 -g3 -DDEBUG -DUSE_HAL_DRIVER -DSTM32L475xx -c -I../Core/Inc -I../Drivers/STM32L4xx_HAL_Driver/Inc -I../Drivers/STM32L4xx_HAL_Driver/Inc/Legacy -I../Drivers/CMSIS/Device/ST/STM32L4xx/Include -I../Drivers/CMSIS/Include -I../Middlewares/Third_Party/FreeRTOS/Source/include -I../Middlewares/Third_Party/FreeRTOS/Source/CMSIS_RTOS_V2 -I../Middlewares/Third_Party/FreeRTOS/Source/portable/GCC/ARM_CM4F -O0 -ffunction-sections -fdata-sections -Wall -fstack-usage -fcyclomatic-complexity -MMD -MP -MF"Middlewares/Third_Party/FreeRTOS/Source/timers.d" -MT"Middlewares/Third_Party/FreeRTOS/Source/timers.o" --specs=nano.specs -mfpu=fpv4-sp-d16 -mfloat-abi=hard -mthumb -o "Middlewares/Third_Party/FreeRTOS/Source/timers.o"
arm-none-eabi-gcc "../Drivers/STM32L4xx_HAL_Driver/Src/stm32l4xx_hal.c" -mcpu=cortex-m4 -std=gnu11 -g3 -DDEBUG -DUSE_HAL_DRIVER -DSTM32L475xx -c -I../Core/Inc -I../Drivers/STM32L4xx_HAL_Driver/Inc -I../Drivers/STM32L4xx_HAL_Driver/Inc/Legacy -I../Drivers/CMSIS/Device/ST/STM32L4xx/Include -I../Drivers/CMSIS/Include -I../Middlewares/Third_Party/FreeRTOS/Source/include -I../Middlewares/Third_Party/FreeRTOS/Source/CMSIS_RTOS_V2 -I../Middlewares/Third_Party/FreeRTOS/Source/portable/GCC/ARM_CM4F -O0 -ffunction-sections -fdata-sections -Wall -fstack-usage -fcyclomatic-complexity -MMD -MP -MF"Drivers/STM32L4xx_HAL_Driver/Src/stm32l4xx_hal.d" -MT"Drivers/STM32L4xx_HAL_Driver/Src/stm32l4xx_hal.o" --specs=nano.specs -mfpu=fpv4-sp-d16 -mfloat-abi=hard -mthumb -o "Drivers/STM32L4xx_HAL_Driver/Src/stm32l4xx_hal.o"
arm-none-eabi-gcc "../Drivers/STM32L4xx_HAL_Driver/Src/stm32l4xx_hal_cortex.c" -mcpu=cortex-m4 -std=gnu11 -g3 -DDEBUG -DUSE_HAL_DRIVER -DSTM32L475xx -c -I../Core/Inc -I../Drivers/STM32L4xx_HAL_Driver/Inc -I../Drivers/STM32L4xx_HAL_Driver/Inc/Legacy -I../Drivers/CMSIS/Device/ST/STM32L4xx/Include -I../Drivers/CMSIS/Include -I../Middlewares/Third_Party/FreeRTOS/Source/include -I../Middlewares/Third_Party/FreeRTOS/Source/CMSIS_RTOS_V2 -I../Middlewares/Third_Party/FreeRTOS/Source/portable/GCC/ARM_CM4F -O0 -ffunction-sections -fdata-sections -Wall -fstack-usage -fcyclomatic-complexity -MMD -MP -MF"Drivers/STM32L4xx_HAL_Driver/Src/stm32l4xx_hal_cortex.d" -MT"Drivers/STM32L4xx_HAL_Driver/Src/stm32l4xx_hal_cortex.o" --specs=nano.specs -mfpu=fpv4-sp-d16 -mfloat-abi=hard -mthumb -o "Drivers/STM32L4xx_HAL_Driver/Src/stm32l4xx_hal_cortex.o"
arm-none-eabi-gcc "../Drivers/STM32L4xx_HAL_Driver/Src/stm32l4xx_hal_dfsdm.c" -mcpu=cortex-m4 -std=gnu11 -g3 -DDEBUG -DUSE_HAL_DRIVER -DSTM32L475xx -c -I../Core/Inc -I../Drivers/STM32L4xx_HAL_Driver/Inc -I../Drivers/STM32L4xx_HAL_Driver/Inc/Legacy -I../Drivers/CMSIS/Device/ST/STM32L4xx/Include -I../Drivers/CMSIS/Include -I../Middlewares/Third_Party/FreeRTOS/Source/include -I../Middlewares/Third_Party/FreeRTOS/Source/CMSIS_RTOS_V2 -I../Middlewares/Third_Party/FreeRTOS/Source/portable/GCC/ARM_CM4F -O0 -ffunction-sections -fdata-sections -Wall -fstack-usage -fcyclomatic-complexity -MMD -MP -MF"Drivers/STM32L4xx_HAL_Driver/Src/stm32l4xx_hal_dfsdm.d" -MT"Drivers/STM32L4xx_HAL_Driver/Src/stm32l4xx_hal_dfsdm.o" --specs=nano.specs -mfpu=fpv4-sp-d16 -mfloat-abi=hard -mthumb -o "Drivers/STM32L4xx_HAL_Driver/Src/stm32l4xx_hal_dfsdm.o"
arm-none-eabi-gcc "../Drivers/STM32L4xx_HAL_Driver/Src/stm32l4xx_hal_dma.c" -mcpu=cortex-m4 -std=gnu11 -g3 -DDEBUG -DUSE_HAL_DRIVER -DSTM32L475xx -c -I../Core/Inc -I../Drivers/STM32L4xx_HAL_Driver/Inc -I../Drivers/STM32L4xx_HAL_Driver/Inc/Legacy -I../Drivers/CMSIS/Device/ST/STM32L4xx/Include -I../Drivers/CMSIS/Include -I../Middlewares/Third_Party/FreeRTOS/Source/include -I../Middlewares/Third_Party/FreeRTOS/Source/CMSIS_RTOS_V2 -I../Middlewares/Third_Party/FreeRTOS/Source/portable/GCC/ARM_CM4F -O0 -ffunction-sections -fdata-sections -Wall -fstack-usage -fcyclomatic-complexity -MMD -MP -MF"Drivers/STM32L4xx_HAL_Driver/Src/stm32l4xx_hal_dma.d" -MT"Drivers/STM32L4xx_HAL_Driver/Src/stm32l4xx_hal_dma.o" --specs=nano.specs -mfpu=fpv4-sp-d16 -mfloat-abi=hard -mthumb -o "Drivers/STM32L4xx_HAL_Driver/Src/stm32l4xx_hal_dma.o"
arm-none-eabi-gcc "../Drivers/STM32L4xx_HAL_Driver/Src/stm32l4xx_hal_dma_ex.c" -mcpu=cortex-m4 -std=gnu11 -g3 -DDEBUG -DUSE_HAL_DRIVER -DSTM32L475xx -c -I../Core/Inc -I../Drivers/STM32L4xx_HAL_Driver/Inc -I../Drivers/STM32L4xx_HAL_Driver/Inc/Legacy -I../Drivers/CMSIS/Device/ST/STM32L4xx/Include -I../Drivers/CMSIS/Include -I../Middlewares/Third_Party/FreeRTOS/Source/include -I../Middlewares/Third_Party/FreeRTOS/Source/CMSIS_RTOS_V2 -I../Middlewares/Third_Party/FreeRTOS/Source/portable/GCC/ARM_CM4F -O0 -ffunction-sections -fdata-sections -Wall -fstack-usage -fcyclomatic-complexity -MMD -MP -MF"Drivers/STM32L4xx_HAL_Driver/Src/stm32l4xx_hal_dma_ex.d" -MT"Drivers/STM32L4xx_HAL_Driver/Src/stm32l4xx_hal_dma_ex.o" --specs=nano.specs -mfpu=fpv4-sp-d16 -mfloat-abi=hard -mthumb -o "Drivers/STM32L4xx_HAL_Driver/Src/stm32l4xx_hal_dma_ex.o"
arm-none-eabi-gcc "../Drivers/STM32L4xx_HAL_Driver/Src/stm32l4xx_hal_exti.c" -mcpu=cortex-m4 -std=gnu11 -g3 -DDEBUG -DUSE_HAL_DRIVER -DSTM32L475xx -c -I../Core/Inc -I../Drivers/STM32L4xx_HAL_Driver/Inc -I../Drivers/STM32L4xx_HAL_Driver/Inc/Legacy -I../Drivers/CMSIS/Device/ST/STM32L4xx/Include -I../Drivers/CMSIS/Include -I../Middlewares/Third_Party/FreeRTOS/Source/include -I../Middlewares/Third_Party/FreeRTOS/Source/CMSIS_RTOS_V2 -I../Middlewares/Third_Party/FreeRTOS/Source/portable/GCC/ARM_CM4F -O0 -ffunction-sections -fdata-sections -Wall -fstack-usage -fcyclomatic-complexity -MMD -MP -MF"Drivers/STM32L4xx_HAL_Driver/Src/stm32l4xx_hal_exti.d" -MT"Drivers/STM32L4xx_HAL_Driver/Src/stm32l4xx_hal_exti.o" --specs=nano.specs -mfpu=fpv4-sp-d16 -mfloat-abi=hard -mthumb -o "Drivers/STM32L4xx_HAL_Driver/Src/stm32l4xx_hal_exti.o"
arm-none-eabi-gcc "../Drivers/STM32L4xx_HAL_Driver/Src/stm32l4xx_hal_flash.c" -mcpu=cortex-m4 -std=gnu11 -g3 -DDEBUG -DUSE_HAL_DRIVER -DSTM32L475xx -c -I../Core/Inc -I../Drivers/STM32L4xx_HAL_Driver/Inc -I../Drivers/STM32L4xx_HAL_Driver/Inc/Legacy -I../Drivers/CMSIS/Device/ST/STM32L4xx/Include -I../Drivers/CMSIS/Include -I../Middlewares/Third_Party/FreeRTOS/Source/include -I../Middlewares/Third_Party/FreeRTOS/Source/CMSIS_RTOS_V2 -I../Middlewares/Third_Party/FreeRTOS/Source/portable/GCC/ARM_CM4F -O0 -ffunction-sections -fdata-sections -Wall -fstack-usage -fcyclomatic-complexity -MMD -MP -MF"Drivers/STM32L4xx_HAL_Driver/Src/stm32l4xx_hal_flash.d" -MT"Drivers/STM32L4xx_HAL_Driver/Src/stm32l4xx_hal_flash.o" --specs=nano.specs -mfpu=fpv4-sp-d16 -mfloat-abi=hard -mthumb -o "Drivers/STM32L4xx_HAL_Driver/Src/stm32l4xx_hal_flash.o"
arm-none-eabi-gcc "../Drivers/STM32L4xx_HAL_Driver/Src/stm32l4xx_hal_flash_ex.c" -mcpu=cortex-m4 -std=gnu11 -g3 -DDEBUG -DUSE_HAL_DRIVER -DSTM32L475xx -c -I../Core/Inc -I../Drivers/STM32L4xx_HAL_Driver/Inc -I../Drivers/STM32L4xx_HAL_Driver/Inc/Legacy -I../Drivers/CMSIS/Device/ST/STM32L4xx/Include -I../Drivers/CMSIS/Include -I../Middlewares/Third_Party/FreeRTOS/Source/include -I../Middlewares/Third_Party/FreeRTOS/Source/CMSIS_RTOS_V2 -I../Middlewares/Third_Party/FreeRTOS/Source/portable/GCC/ARM_CM4F -O0 -ffunction-sections -fdata-sections -Wall -fstack-usage -fcyclomatic-complexity -MMD -MP -MF"Drivers/STM32L4xx_HAL_Driver/Src/stm32l4xx_hal_flash_ex.d" -MT"Drivers/STM32L4xx_HAL_Driver/Src/stm32l4xx_hal_flash_ex.o" --specs=nano.specs -mfpu=fpv4-sp-d16 -mfloat-abi=hard -mthumb -o "Drivers/STM32L4xx_HAL_Driver/Src/stm32l4xx_hal_flash_ex.o"
arm-none-eabi-gcc "../Drivers/STM32L4xx_HAL_Driver/Src/stm32l4xx_hal_flash_ramfunc.c" -mcpu=cortex-m4 -std=gnu11 -g3 -DDEBUG -DUSE_HAL_DRIVER -DSTM32L475xx -c -I../Core/Inc -I../Drivers/STM32L4xx_HAL_Driver/Inc -I../Drivers/STM32L4xx_HAL_Driver/Inc/Legacy -I../Drivers/CMSIS/Device/ST/STM32L4xx/Include -I../Drivers/CMSIS/Include -I../Middlewares/Third_Party/FreeRTOS/Source/include -I../Middlewares/Third_Party/FreeRTOS/Source/CMSIS_RTOS_V2 -I../Middlewares/Third_Party/FreeRTOS/Source/portable/GCC/ARM_CM4F -O0 -ffunction-sections -fdata-sections -Wall -fstack-usage -fcyclomatic-complexity -MMD -MP -MF"Drivers/STM32L4xx_HAL_Driver/Src/stm32l4xx_hal_flash_ramfunc.d" -MT"Drivers/STM32L4xx_HAL_Driver/Src/stm32l4xx_hal_flash_ramfunc.o" --specs=nano.specs -mfpu=fpv4-sp-d16 -mfloat-abi=hard -mthumb -o "Drivers/STM32L4xx_HAL_Driver/Src/stm32l4xx_hal_flash_ramfunc.o"
arm-none-eabi-gcc "../Drivers/STM32L4xx_HAL_Driver/Src/stm32l4xx_hal_gpio.c" -mcpu=cortex-m4 -std=gnu11 -g3 -DDEBUG -DUSE_HAL_DRIVER -DSTM32L475xx -c -I../Core/Inc -I../Drivers/STM32L4xx_HAL_Driver/Inc -I../Drivers/STM32L4xx_HAL_Driver/Inc/Legacy -I../Drivers/CMSIS/Device/ST/STM32L4xx/Include -I../Drivers/CMSIS/Include -I../Middlewares/Third_Party/FreeRTOS/Source/include -I../Middlewares/Third_Party/FreeRTOS/Source/CMSIS_RTOS_V2 -I../Middlewares/Third_Party/FreeRTOS/Source/portable/GCC/ARM_CM4F -O0 -ffunction-sections -fdata-sections -Wall -fstack-usage -fcyclomatic-complexity -MMD -MP -MF"Drivers/STM32L4xx_HAL_Driver/Src/stm32l4xx_hal_gpio.d" -MT"Drivers/STM32L4xx_HAL_Driver/Src/stm32l4xx_hal_gpio.o" --specs=nano.specs -mfpu=fpv4-sp-d16 -mfloat-abi=hard -mthumb -o "Drivers/STM32L4xx_HAL_Driver/Src/stm32l4xx_hal_gpio.o"
arm-none-eabi-gcc "../Drivers/STM32L4xx_HAL_Driver/Src/stm32l4xx_hal_i2c.c" -mcpu=cortex-m4 -std=gnu11 -g3 -DDEBUG -DUSE_HAL_DRIVER -DSTM32L475xx -c -I../Core/Inc -I../Drivers/STM32L4xx_HAL_Driver/Inc -I../Drivers/STM32L4xx_HAL_Driver/Inc/Legacy -I../Drivers/CMSIS/Device/ST/STM32L4xx/Include -I../Drivers/CMSIS/Include -I../Middlewares/Third_Party/FreeRTOS/Source/include -I../Middlewares/Third_Party/FreeRTOS/Source/CMSIS_RTOS_V2 -I../Middlewares/Third_Party/FreeRTOS/Source/portable/GCC/ARM_CM4F -O0 -ffunction-sections -fdata-sections -Wall -fstack-usage -fcyclomatic-complexity -MMD -MP -MF"Drivers/STM32L4xx_HAL_Driver/Src/stm32l4xx_hal_i2c.d" -MT"Drivers/STM32L4xx_HAL_Driver/Src/stm32l4xx_hal_i2c.o" --specs=nano.specs -mfpu=fpv4-sp-d16 -mfloat-abi=hard -mthumb -o "Drivers/STM32L4xx_HAL_Driver/Src/stm32l4xx_hal_i2c.o"
arm-none-eabi-gcc "../Drivers/STM32L4xx_HAL_Driver/Src/stm32l4xx_hal_i2c_ex.c" -mcpu=cortex-m4 -std=gnu11 -g3 -DDEBUG -DUSE_HAL_DRIVER -DSTM32L475xx -c -I../Core/Inc -I../Drivers/STM32L4xx_HAL_Driver/Inc -I../Drivers/STM32L4xx_HAL_Driver/Inc/Legacy -I../Drivers/CMSIS/Device/ST/STM32L4xx/Include -I../Drivers/CMSIS/Include -I../Middlewares/Third_Party/FreeRTOS/Source/include -I../Middlewares/Third_Party/FreeRTOS/Source/CMSIS_RTOS_V2 -I../Middlewares/Third_Party/FreeRTOS/Source/portable/GCC/ARM_CM4F -O0 -ffunction-sections -fdata-sections -Wall -fstack-usage -fcyclomatic-complexity -MMD -MP -MF"Drivers/STM32L4xx_HAL_Driver/Src/stm32l4xx_hal_i2c_ex.d" -MT"Drivers/STM32L4xx_HAL_Driver/Src/stm32l4xx_hal_i2c_ex.o" --specs=nano.specs -mfpu=fpv4-sp-d16 -mfloat-abi=hard -mthumb -o "Drivers/STM32L4xx_HAL_Driver/Src/stm32l4xx_hal_i2c_ex.o"
arm-none-eabi-gcc "../Drivers/STM32L4xx_HAL_Driver/Src/stm32l4xx_hal_pcd.c" -mcpu=cortex-m4 -std=gnu11 -g3 -DDEBUG -DUSE_HAL_DRIVER -DSTM32L475xx -c -I../Core/Inc -I../Drivers/STM32L4xx_HAL_Driver/Inc -I../Drivers/STM32L4xx_HAL_Driver/Inc/Legacy -I../Drivers/CMSIS/Device/ST/STM32L4xx/Include -I../Drivers/CMSIS/Include -I../Middlewares/Third_Party/FreeRTOS/Source/include -I../Middlewares/Third_Party/FreeRTOS/Source/CMSIS_RTOS_V2 -I../Middlewares/Third_Party/FreeRTOS/Source/portable/GCC/ARM_CM4F -O0 -ffunction-sections -fdata-sections -Wall -fstack-usage -fcyclomatic-complexity -MMD -MP -MF"Drivers/STM32L4xx_HAL_Driver/Src/stm32l4xx_hal_pcd.d" -MT"Drivers/STM32L4xx_HAL_Driver/Src/stm32l4xx_hal_pcd.o" --specs=nano.specs -mfpu=fpv4-sp-d16 -mfloat-abi=hard -mthumb -o "Drivers/STM32L4xx_HAL_Driver/Src/stm32l4xx_hal_pcd.o"
arm-none-eabi-gcc "../Drivers/STM32L4xx_HAL_Driver/Src/stm32l4xx_hal_pcd_ex.c" -mcpu=cortex-m4 -std=gnu11 -g3 -DDEBUG -DUSE_HAL_DRIVER -DSTM32L475xx -c -I../Core/Inc -I../Drivers/STM32L4xx_HAL_Driver/Inc -I../Drivers/STM32L4xx_HAL_Driver/Inc/Legacy -I../Drivers/CMSIS/Device/ST/STM32L4xx/Include -I../Drivers/CMSIS/Include -I../Middlewares/Third_Party/FreeRTOS/Source/include -I../Middlewares/Third_Party/FreeRTOS/Source/CMSIS_RTOS_V2 -I../Middlewares/Third_Party/FreeRTOS/Source/portable/GCC/ARM_CM4F -O0 -ffunction-sections -fdata-sections -Wall -fstack-usage -fcyclomatic-complexity -MMD -MP -MF"Drivers/STM32L4xx_HAL_Driver/Src/stm32l4xx_hal_pcd_ex.d" -MT"Drivers/STM32L4xx_HAL_Driver/Src/stm32l4xx_hal_pcd_ex.o" --specs=nano.specs -mfpu=fpv4-sp-d16 -mfloat-abi=hard -mthumb -o "Drivers/STM32L4xx_HAL_Driver/Src/stm32l4xx_hal_pcd_ex.o"
arm-none-eabi-gcc "../Drivers/STM32L4xx_HAL_Driver/Src/stm32l4xx_hal_pwr.c" -mcpu=cortex-m4 -std=gnu11 -g3 -DDEBUG -DUSE_HAL_DRIVER -DSTM32L475xx -c -I../Core/Inc -I../Drivers/STM32L4xx_HAL_Driver/Inc -I../Drivers/STM32L4xx_HAL_Driver/Inc/Legacy -I../Drivers/CMSIS/Device/ST/STM32L4xx/Include -I../Drivers/CMSIS/Include -I../Middlewares/Third_Party/FreeRTOS/Source/include -I../Middlewares/Third_Party/FreeRTOS/Source/CMSIS_RTOS_V2 -I../Middlewares/Third_Party/FreeRTOS/Source/portable/GCC/ARM_CM4F -O0 -ffunction-sections -fdata-sections -Wall -fstack-usage -fcyclomatic-complexity -MMD -MP -MF"Drivers/STM32L4xx_HAL_Driver/Src/stm32l4xx_hal_pwr.d" -MT"Drivers/STM32L4xx_HAL_Driver/Src/stm32l4xx_hal_pwr.o" --specs=nano.specs -mfpu=fpv4-sp-d16 -mfloat-abi=hard -mthumb -o "Drivers/STM32L4xx_HAL_Driver/Src/stm32l4xx_hal_pwr.o"
arm-none-eabi-gcc "../Drivers/STM32L4xx_HAL_Driver/Src/stm32l4xx_hal_pwr_ex.c" -mcpu=cortex-m4 -std=gnu11 -g3 -DDEBUG -DUSE_HAL_DRIVER -DSTM32L475xx -c -I../Core/Inc -I../Drivers/STM32L4xx_HAL_Driver/Inc -I../Drivers/STM32L4xx_HAL_Driver/Inc/Legacy -I../Drivers/CMSIS/Device/ST/STM32L4xx/Include -I../Drivers/CMSIS/Include -I../Middlewares/Third_Party/FreeRTOS/Source/include -I../Middlewares/Third_Party/FreeRTOS/Source/CMSIS_RTOS_V2 -I../Middlewares/Third_Party/FreeRTOS/Source/portable/GCC/ARM_CM4F -O0 -ffunction-sections -fdata-sections -Wall -fstack-usage -fcyclomatic-complexity -MMD -MP -MF"Drivers/STM32L4xx_HAL_Driver/Src/stm32l4xx_hal_pwr_ex.d" -MT"Drivers/STM32L4xx_HAL_Driver/Src/stm32l4xx_hal_pwr_ex.o" --specs=nano.specs -mfpu=fpv4-sp-d16 -mfloat-abi=hard -mthumb -o "Drivers/STM32L4xx_HAL_Driver/Src/stm32l4xx_hal_pwr_ex.o"
arm-none-eabi-gcc "../Drivers/STM32L4xx_HAL_Driver/Src/stm32l4xx_hal_qspi.c" -mcpu=cortex-m4 -std=gnu11 -g3 -DDEBUG -DUSE_HAL_DRIVER -DSTM32L475xx -c -I../Core/Inc -I../Drivers/STM32L4xx_HAL_Driver/Inc -I../Drivers/STM32L4xx_HAL_Driver/Inc/Legacy -I../Drivers/CMSIS/Device/ST/STM32L4xx/Include -I../Drivers/CMSIS/Include -I../Middlewares/Third_Party/FreeRTOS/Source/include -I../Middlewares/Third_Party/FreeRTOS/Source/CMSIS_RTOS_V2 -I../Middlewares/Third_Party/FreeRTOS/Source/portable/GCC/ARM_CM4F -O0 -ffunction-sections -fdata-sections -Wall -fstack-usage -fcyclomatic-complexity -MMD -MP -MF"Drivers/STM32L4xx_HAL_Driver/Src/stm32l4xx_hal_qspi.d" -MT"Drivers/STM32L4xx_HAL_Driver/Src/stm32l4xx_hal_qspi.o" --specs=nano.specs -mfpu=fpv4-sp-d16 -mfloat-abi=hard -mthumb -o "Drivers/STM32L4xx_HAL_Driver/Src/stm32l4xx_hal_qspi.o"
arm-none-eabi-gcc "../Drivers/STM32L4xx_HAL_Driver/Src/stm32l4xx_hal_rcc.c" -mcpu=cortex-m4 -std=gnu11 -g3 -DDEBUG -DUSE_HAL_DRIVER -DSTM32L475xx -c -I../Core/Inc -I../Drivers/STM32L4xx_HAL_Driver/Inc -I../Drivers/STM32L4xx_HAL_Driver/Inc/Legacy -I../Drivers/CMSIS/Device/ST/STM32L4xx/Include -I../Drivers/CMSIS/Include -I../Middlewares/Third_Party/FreeRTOS/Source/include -I../Middlewares/Third_Party/FreeRTOS/Source/CMSIS_RTOS_V2 -I../Middlewares/Third_Party/FreeRTOS/Source/portable/GCC/ARM_CM4F -O0 -ffunction-sections -fdata-sections -Wall -fstack-usage -fcyclomatic-complexity -MMD -MP -MF"Drivers/STM32L4xx_HAL_Driver/Src/stm32l4xx_hal_rcc.d" -MT"Drivers/STM32L4xx_HAL_Driver/Src/stm32l4xx_hal_rcc.o" --specs=nano.specs -mfpu=fpv4-sp-d16 -mfloat-abi=hard -mthumb -o "Drivers/STM32L4xx_HAL_Driver/Src/stm32l4xx_hal_rcc.o"
arm-none-eabi-gcc "../Drivers/STM32L4xx_HAL_Driver/Src/stm32l4xx_hal_rcc_ex.c" -mcpu=cortex-m4 -std=gnu11 -g3 -DDEBUG -DUSE_HAL_DRIVER -DSTM32L475xx -c -I../Core/Inc -I../Drivers/STM32L4xx_HAL_Driver/Inc -I../Drivers/STM32L4xx_HAL_Driver/Inc/Legacy -I../Drivers/CMSIS/Device/ST/STM32L4xx/Include -I../Drivers/CMSIS/Include -I../Middlewares/Third_Party/FreeRTOS/Source/include -I../Middlewares/Third_Party/FreeRTOS/Source/CMSIS_RTOS_V2 -I../Middlewares/Third_Party/FreeRTOS/Source/portable/GCC/ARM_CM4F -O0 -ffunction-sections -fdata-sections -Wall -fstack-usage -fcyclomatic-complexity -MMD -MP -MF"Drivers/STM32L4xx_HAL_Driver/Src/stm32l4xx_hal_rcc_ex.d" -MT"Drivers/STM32L4xx_HAL_Driver/Src/stm32l4xx_hal_rcc_ex.o" --specs=nano.specs -mfpu=fpv4-sp-d16 -mfloat-abi=hard -mthumb -o "Drivers/STM32L4xx_HAL_Driver/Src/stm32l4xx_hal_rcc_ex.o"
arm-none-eabi-gcc "../Drivers/STM32L4xx_HAL_Driver/Src/stm32l4xx_hal_spi.c" -mcpu=cortex-m4 -std=gnu11 -g3 -DDEBUG -DUSE_HAL_DRIVER -DSTM32L475xx -c -I../Core/Inc -I../Drivers/STM32L4xx_HAL_Driver/Inc -I../Drivers/STM32L4xx_HAL_Driver/Inc/Legacy -I../Drivers/CMSIS/Device/ST/STM32L4xx/Include -I../Drivers/CMSIS/Include -I../Middlewares/Third_Party/FreeRTOS/Source/include -I../Middlewares/Third_Party/FreeRTOS/Source/CMSIS_RTOS_V2 -I../Middlewares/Third_Party/FreeRTOS/Source/portable/GCC/ARM_CM4F -O0 -ffunction-sections -fdata-sections -Wall -fstack-usage -fcyclomatic-complexity -MMD -MP -MF"Drivers/STM32L4xx_HAL_Driver/Src/stm32l4xx_hal_spi.d" -MT"Drivers/STM32L4xx_HAL_Driver/Src/stm32l4xx_hal_spi.o" --specs=nano.specs -mfpu=fpv4-sp-d16 -mfloat-abi=hard -mthumb -o "Drivers/STM32L4xx_HAL_Driver/Src/stm32l4xx_hal_spi.o"
arm-none-eabi-gcc "../Drivers/STM32L4xx_HAL_Driver/Src/stm32l4xx_hal_spi_ex.c" -mcpu=cortex-m4 -std=gnu11 -g3 -DDEBUG -DUSE_HAL_DRIVER -DSTM32L475xx -c -I../Core/Inc -I../Drivers/STM32L4xx_HAL_Driver/Inc -I../Drivers/STM32L4xx_HAL_Driver/Inc/Legacy -I../Drivers/CMSIS/Device/ST/STM32L4xx/Include -I../Drivers/CMSIS/Include -I../Middlewares/Third_Party/FreeRTOS/Source/include -I../Middlewares/Third_Party/FreeRTOS/Source/CMSIS_RTOS_V2 -I../Middlewares/Third_Party/FreeRTOS/Source/portable/GCC/ARM_CM4F -O0 -ffunction-sections -fdata-sections -Wall -fstack-usage -fcyclomatic-complexity -MMD -MP -MF"Drivers/STM32L4xx_HAL_Driver/Src/stm32l4xx_hal_spi_ex.d" -MT"Drivers/STM32L4xx_HAL_Driver/Src/stm32l4xx_hal_spi_ex.o" --specs=nano.specs -mfpu=fpv4-sp-d16 -mfloat-abi=hard -mthumb -o "Drivers/STM32L4xx_HAL_Driver/Src/stm32l4xx_hal_spi_ex.o"
arm-none-eabi-gcc "../Drivers/STM32L4xx_HAL_Driver/Src/stm32l4xx_hal_tim.c" -mcpu=cortex-m4 -std=gnu11 -g3 -DDEBUG -DUSE_HAL_DRIVER -DSTM32L475xx -c -I../Core/Inc -I../Drivers/STM32L4xx_HAL_Driver/Inc -I../Drivers/STM32L4xx_HAL_Driver/Inc/Legacy -I../Drivers/CMSIS/Device/ST/STM32L4xx/Include -I../Drivers/CMSIS/Include -I../Middlewares/Third_Party/FreeRTOS/Source/include -I../Middlewares/Third_Party/FreeRTOS/Source/CMSIS_RTOS_V2 -I../Middlewares/Third_Party/FreeRTOS/Source/portable/GCC/ARM_CM4F -O0 -ffunction-sections -fdata-sections -Wall -fstack-usage -fcyclomatic-complexity -MMD -MP -MF"Drivers/STM32L4xx_HAL_Driver/Src/stm32l4xx_hal_tim.d" -MT"Drivers/STM32L4xx_HAL_Driver/Src/stm32l4xx_hal_tim.o" --specs=nano.specs -mfpu=fpv4-sp-d16 -mfloat-abi=hard -mthumb -o "Drivers/STM32L4xx_HAL_Driver/Src/stm32l4xx_hal_tim.o"
arm-none-eabi-gcc "../Drivers/STM32L4xx_HAL_Driver/Src/stm32l4xx_hal_tim_ex.c" -mcpu=cortex-m4 -std=gnu11 -g3 -DDEBUG -DUSE_HAL_DRIVER -DSTM32L475xx -c -I../Core/Inc -I../Drivers/STM32L4xx_HAL_Driver/Inc -I../Drivers/STM32L4xx_HAL_Driver/Inc/Legacy -I../Drivers/CMSIS/Device/ST/STM32L4xx/Include -I../Drivers/CMSIS/Include -I../Middlewares/Third_Party/FreeRTOS/Source/include -I../Middlewares/Third_Party/FreeRTOS/Source/CMSIS_RTOS_V2 -I../Middlewares/Third_Party/FreeRTOS/Source/portable/GCC/ARM_CM4F -O0 -ffunction-sections -fdata-sections -Wall -fstack-usage -fcyclomatic-complexity -MMD -MP -MF"Drivers/STM32L4xx_HAL_Driver/Src/stm32l4xx_hal_tim_ex.d" -MT"Drivers/STM32L4xx_HAL_Driver/Src/stm32l4xx_hal_tim_ex.o" --specs=nano.specs -mfpu=fpv4-sp-d16 -mfloat-abi=hard -mthumb -o "Drivers/STM32L4xx_HAL_Driver/Src/stm32l4xx_hal_tim_ex.o"
arm-none-eabi-gcc "../Drivers/STM32L4xx_HAL_Driver/Src/stm32l4xx_hal_uart.c" -mcpu=cortex-m4 -std=gnu11 -g3 -DDEBUG -DUSE_HAL_DRIVER -DSTM32L475xx -c -I../Core/Inc -I../Drivers/STM32L4xx_HAL_Driver/Inc -I../Drivers/STM32L4xx_HAL_Driver/Inc/Legacy -I../Drivers/CMSIS/Device/ST/STM32L4xx/Include -I../Drivers/CMSIS/Include -I../Middlewares/Third_Party/FreeRTOS/Source/include -I../Middlewares/Third_Party/FreeRTOS/Source/CMSIS_RTOS_V2 -I../Middlewares/Third_Party/FreeRTOS/Source/portable/GCC/ARM_CM4F -O0 -ffunction-sections -fdata-sections -Wall -fstack-usage -fcyclomatic-complexity -MMD -MP -MF"Drivers/STM32L4xx_HAL_Driver/Src/stm32l4xx_hal_uart.d" -MT"Drivers/STM32L4xx_HAL_Driver/Src/stm32l4xx_hal_uart.o" --specs=nano.specs -mfpu=fpv4-sp-d16 -mfloat-abi=hard -mthumb -o "Drivers/STM32L4xx_HAL_Driver/Src/stm32l4xx_hal_uart.o"
arm-none-eabi-gcc "../Drivers/STM32L4xx_HAL_Driver/Src/stm32l4xx_hal_uart_ex.c" -mcpu=cortex-m4 -std=gnu11 -g3 -DDEBUG -DUSE_HAL_DRIVER -DSTM32L475xx -c -I../Core/Inc -I../Drivers/STM32L4xx_HAL_Driver/Inc -I../Drivers/STM32L4xx_HAL_Driver/Inc/Legacy -I../Drivers/CMSIS/Device/ST/STM32L4xx/Include -I../Drivers/CMSIS/Include -I../Middlewares/Third_Party/FreeRTOS/Source/include -I../Middlewares/Third_Party/FreeRTOS/Source/CMSIS_RTOS_V2 -I../Middlewares/Third_Party/FreeRTOS/Source/portable/GCC/ARM_CM4F -O0 -ffunction-sections -fdata-sections -Wall -fstack-usage -fcyclomatic-complexity -MMD -MP -MF"Drivers/STM32L4xx_HAL_Driver/Src/stm32l4xx_hal_uart_ex.d" -MT"Drivers/STM32L4xx_HAL_Driver/Src/stm32l4xx_hal_uart_ex.o" --specs=nano.specs -mfpu=fpv4-sp-d16 -mfloat-abi=hard -mthumb -o "Drivers/STM32L4xx_HAL_Driver/Src/stm32l4xx_hal_uart_ex.o"
arm-none-eabi-gcc "../Drivers/STM32L4xx_HAL_Driver/Src/stm32l4xx_ll_usb.c" -mcpu=cortex-m4 -std=gnu11 -g3 -DDEBUG -DUSE_HAL_DRIVER -DSTM32L475xx -c -I../Core/Inc -I../Drivers/STM32L4xx_HAL_Driver/Inc -I../Drivers/STM32L4xx_HAL_Driver/Inc/Legacy -I../Drivers/CMSIS/Device/ST/STM32L4xx/Include -I../Drivers/CMSIS/Include -I../Middlewares/Third_Party/FreeRTOS/Source/include -I../Middlewares/Third_Party/FreeRTOS/Source/CMSIS_RTOS_V2 -I../Middlewares/Third_Party/FreeRTOS/Source/portable/GCC/ARM_CM4F -O0 -ffunction-sections -fdata-sections -Wall -fstack-usage -fcyclomatic-complexity -MMD -MP -MF"Drivers/STM32L4xx_HAL_Driver/Src/stm32l4xx_ll_usb.d" -MT"Drivers/STM32L4xx_HAL_Driver/Src/stm32l4xx_ll_usb.o" --specs=nano.specs -mfpu=fpv4-sp-d16 -mfloat-abi=hard -mthumb -o "Drivers/STM32L4xx_HAL_Driver/Src/stm32l4xx_ll_usb.o"
arm-none-eabi-gcc -mcpu=cortex-m4 -g3 -DDEBUG -c -x assembler-with-cpp -MMD -MP -MF"Core/Startup/startup_stm32l475vgtx.d" -MT"Core/Startup/startup_stm32l475vgtx.o" --specs=nano.specs -mfpu=fpv4-sp-d16 -mfloat-abi=hard -mthumb -o "Core/Startup/startup_stm32l475vgtx.o" "../Core/Startup/startup_stm32l475vgtx.s"
arm-none-eabi-gcc "../Core/Src/freertos.c" -mcpu=cortex-m4 -std=gnu11 -g3 -DDEBUG -DUSE_HAL_DRIVER -DSTM32L475xx -c -I../Core/Inc -I../Drivers/STM32L4xx_HAL_Driver/Inc -I../Drivers/STM32L4xx_HAL_Driver/Inc/Legacy -I../Drivers/CMSIS/Device/ST/STM32L4xx/Include -I../Drivers/CMSIS/Include -I../Middlewares/Third_Party/FreeRTOS/Source/include -I../Middlewares/Third_Party/FreeRTOS/Source/CMSIS_RTOS_V2 -I../Middlewares/Third_Party/FreeRTOS/Source/portable/GCC/ARM_CM4F -O0 -ffunction-sections -fdata-sections -Wall -fstack-usage -fcyclomatic-complexity -MMD -MP -MF"Core/Src/freertos.d" -MT"Core/Src/freertos.o" --specs=nano.specs -mfpu=fpv4-sp-d16 -mfloat-abi=hard -mthumb -o "Core/Src/freertos.o"
arm-none-eabi-gcc "../Core/Src/main.c" -mcpu=cortex-m4 -std=gnu11 -g3 -DDEBUG -DUSE_HAL_DRIVER -DSTM32L475xx -c -I../Core/Inc -I../Drivers/STM32L4xx_HAL_Driver/Inc -I../Drivers/STM32L4xx_HAL_Driver/Inc/Legacy -I../Drivers/CMSIS/Device/ST/STM32L4xx/Include -I../Drivers/CMSIS/Include -I../Middlewares/Third_Party/FreeRTOS/Source/include -I../Middlewares/Third_Party/FreeRTOS/Source/CMSIS_RTOS_V2 -I../Middlewares/Third_Party/FreeRTOS/Source/portable/GCC/ARM_CM4F -O0 -ffunction-sections -fdata-sections -Wall -fstack-usage -fcyclomatic-complexity -MMD -MP -MF"Core/Src/main.d" -MT"Core/Src/main.o" --specs=nano.specs -mfpu=fpv4-sp-d16 -mfloat-abi=hard -mthumb -o "Core/Src/main.o"
arm-none-eabi-gcc "../Core/Src/stm32l4xx_hal_msp.c" -mcpu=cortex-m4 -std=gnu11 -g3 -DDEBUG -DUSE_HAL_DRIVER -DSTM32L475xx -c -I../Core/Inc -I../Drivers/STM32L4xx_HAL_Driver/Inc -I../Drivers/STM32L4xx_HAL_Driver/Inc/Legacy -I../Drivers/CMSIS/Device/ST/STM32L4xx/Include -I../Drivers/CMSIS/Include -I../Middlewares/Third_Party/FreeRTOS/Source/include -I../Middlewares/Third_Party/FreeRTOS/Source/CMSIS_RTOS_V2 -I../Middlewares/Third_Party/FreeRTOS/Source/portable/GCC/ARM_CM4F -O0 -ffunction-sections -fdata-sections -Wall -fstack-usage -fcyclomatic-complexity -MMD -MP -MF"Core/Src/stm32l4xx_hal_msp.d" -MT"Core/Src/stm32l4xx_hal_msp.o" --specs=nano.specs -mfpu=fpv4-sp-d16 -mfloat-abi=hard -mthumb -o "Core/Src/stm32l4xx_hal_msp.o"
../Core/Src/main.c: In function 'StartTask_Telemetry':
../Core/Src/main.c:792:25: warning: implicit declaration of function 'sprintf' [-Wimplicit-function-declaration]
  792 |               int len = sprintf(msg, "FLIGHT_DATA: PITCH=%d°\r\n", received_angle);
      |                         ^~~~~~~
../Core/Src/main.c:22:1: note: include '<stdio.h>' or provide a declaration of 'sprintf'
   21 | #include "cmsis_os.h"
  +++ |+#include <stdio.h>
   22 | 
../Core/Src/main.c:792:25: warning: incompatible implicit declaration of built-in function 'sprintf' [-Wbuiltin-declaration-mismatch]
  792 |               int len = sprintf(msg, "FLIGHT_DATA: PITCH=%d°\r\n", received_angle);
      |                         ^~~~~~~
../Core/Src/main.c:792:25: note: include '<stdio.h>' or provide a declaration of 'sprintf'
arm-none-eabi-gcc "../Core/Src/stm32l4xx_hal_timebase_tim.c" -mcpu=cortex-m4 -std=gnu11 -g3 -DDEBUG -DUSE_HAL_DRIVER -DSTM32L475xx -c -I../Core/Inc -I../Drivers/STM32L4xx_HAL_Driver/Inc -I../Drivers/STM32L4xx_HAL_Driver/Inc/Legacy -I../Drivers/CMSIS/Device/ST/STM32L4xx/Include -I../Drivers/CMSIS/Include -I../Middlewares/Third_Party/FreeRTOS/Source/include -I../Middlewares/Third_Party/FreeRTOS/Source/CMSIS_RTOS_V2 -I../Middlewares/Third_Party/FreeRTOS/Source/portable/GCC/ARM_CM4F -O0 -ffunction-sections -fdata-sections -Wall -fstack-usage -fcyclomatic-complexity -MMD -MP -MF"Core/Src/stm32l4xx_hal_timebase_tim.d" -MT"Core/Src/stm32l4xx_hal_timebase_tim.o" --specs=nano.specs -mfpu=fpv4-sp-d16 -mfloat-abi=hard -mthumb -o "Core/Src/stm32l4xx_hal_timebase_tim.o"
arm-none-eabi-gcc "../Core/Src/stm32l4xx_it.c" -mcpu=cortex-m4 -std=gnu11 -g3 -DDEBUG -DUSE_HAL_DRIVER -DSTM32L475xx -c -I../Core/Inc -I../Drivers/STM32L4xx_HAL_Driver/Inc -I../Drivers/STM32L4xx_HAL_Driver/Inc/Legacy -I../Drivers/CMSIS/Device/ST/STM32L4xx/Include -I../Drivers/CMSIS/Include -I../Middlewares/Third_Party/FreeRTOS/Source/include -I../Middlewares/Third_Party/FreeRTOS/Source/CMSIS_RTOS_V2 -I../Middlewares/Third_Party/FreeRTOS/Source/portable/GCC/ARM_CM4F -O0 -ffunction-sections -fdata-sections -Wall -fstack-usage -fcyclomatic-complexity -MMD -MP -MF"Core/Src/stm32l4xx_it.d" -MT"Core/Src/stm32l4xx_it.o" --specs=nano.specs -mfpu=fpv4-sp-d16 -mfloat-abi=hard -mthumb -o "Core/Src/stm32l4xx_it.o"
arm-none-eabi-gcc "../Core/Src/syscalls.c" -mcpu=cortex-m4 -std=gnu11 -g3 -DDEBUG -DUSE_HAL_DRIVER -DSTM32L475xx -c -I../Core/Inc -I../Drivers/STM32L4xx_HAL_Driver/Inc -I../Drivers/STM32L4xx_HAL_Driver/Inc/Legacy -I../Drivers/CMSIS/Device/ST/STM32L4xx/Include -I../Drivers/CMSIS/Include -I../Middlewares/Third_Party/FreeRTOS/Source/include -I../Middlewares/Third_Party/FreeRTOS/Source/CMSIS_RTOS_V2 -I../Middlewares/Third_Party/FreeRTOS/Source/portable/GCC/ARM_CM4F -O0 -ffunction-sections -fdata-sections -Wall -fstack-usage -fcyclomatic-complexity -MMD -MP -MF"Core/Src/syscalls.d" -MT"Core/Src/syscalls.o" --specs=nano.specs -mfpu=fpv4-sp-d16 -mfloat-abi=hard -mthumb -o "Core/Src/syscalls.o"
arm-none-eabi-gcc "../Core/Src/sysmem.c" -mcpu=cortex-m4 -std=gnu11 -g3 -DDEBUG -DUSE_HAL_DRIVER -DSTM32L475xx -c -I../Core/Inc -I../Drivers/STM32L4xx_HAL_Driver/Inc -I../Drivers/STM32L4xx_HAL_Driver/Inc/Legacy -I../Drivers/CMSIS/Device/ST/STM32L4xx/Include -I../Drivers/CMSIS/Include -I../Middlewares/Third_Party/FreeRTOS/Source/include -I../Middlewares/Third_Party/FreeRTOS/Source/CMSIS_RTOS_V2 -I../Middlewares/Third_Party/FreeRTOS/Source/portable/GCC/ARM_CM4F -O0 -ffunction-sections -fdata-sections -Wall -fstack-usage -fcyclomatic-complexity -MMD -MP -MF"Core/Src/sysmem.d" -MT"Core/Src/sysmem.o" --specs=nano.specs -mfpu=fpv4-sp-d16 -mfloat-abi=hard -mthumb -o "Core/Src/sysmem.o"
arm-none-eabi-gcc "../Core/Src/system_stm32l4xx.c" -mcpu=cortex-m4 -std=gnu11 -g3 -DDEBUG -DUSE_HAL_DRIVER -DSTM32L475xx -c -I../Core/Inc -I../Drivers/STM32L4xx_HAL_Driver/Inc -I../Drivers/STM32L4xx_HAL_Driver/Inc/Legacy -I../Drivers/CMSIS/Device/ST/STM32L4xx/Include -I../Drivers/CMSIS/Include -I../Middlewares/Third_Party/FreeRTOS/Source/include -I../Middlewares/Third_Party/FreeRTOS/Source/CMSIS_RTOS_V2 -I../Middlewares/Third_Party/FreeRTOS/Source/portable/GCC/ARM_CM4F -O0 -ffunction-sections -fdata-sections -Wall -fstack-usage -fcyclomatic-complexity -MMD -MP -MF"Core/Src/system_stm32l4xx.d" -MT"Core/Src/system_stm32l4xx.o" --specs=nano.specs -mfpu=fpv4-sp-d16 -mfloat-abi=hard -mthumb -o "Core/Src/system_stm32l4xx.o"
arm-none-eabi-gcc -o "RTOS Flight Control Logic - Task Scheduling and Vitals.elf" @"objects.list"   -mcpu=cortex-m4 -T"C:\Users\admin\Desktop\Aerospace_Training\RTOS Flight Control Logic - Task Scheduling and Vitals\STM32L475VGTX_FLASH.ld" --specs=nosys.specs -Wl,-Map="RTOS Flight Control Logic - Task Scheduling and Vitals.map" -Wl,--gc-sections -static --specs=nano.specs -mfpu=fpv4-sp-d16 -mfloat-abi=hard -mthumb -Wl,--start-group -lc -lm -Wl,--end-group
Finished building target: RTOS Flight Control Logic - Task Scheduling and Vitals.elf
 
[...]
Finished building target: IMU_Bar_Semaphores.elf
 
arm-none-eabi-size   IMU_Bar_Semaphores.elf 
arm-none-eabi-objdump -h -S  IMU_Bar_Semaphores.elf  > "IMU_Bar_Semaphores.list"
   text	   data	    bss	    dec	    hex	filename
  71688	    556	  22924	  95168	  173c0	IMU_Bar_Semaphores.elf
Finished building: default.size.stdout
 
Finished building: IMU_Bar_Semaphores.list
 
23:17:23 **** Incremental Build of configuration Debug for project IMU_Bar_Semaphores ****
make -j8 all 
arm-none-eabi-gcc "../Core/Src/main.c" -mcpu=cortex-m4 -std=gnu11 -g3 -DDEBUG -DUSE_HAL_DRIVER -DSTM32L475xx -c -I../Core/Inc -I../Drivers/STM32L4xx_HAL_Driver/Inc -I../Drivers/STM32L4xx_HAL_Driver/Inc/Legacy -I../Drivers/CMSIS/Device/ST/STM32L4xx/Include -I../Drivers/CMSIS/Include -I../Middlewares/Third_Party/FreeRTOS/Source/include -I../Middlewares/Third_Party/FreeRTOS/Source/CMSIS_RTOS_V2 -I../Middlewares/Third_Party/FreeRTOS/Source/portable/GCC/ARM_CM4F -O0 -ffunction-sections -fdata-sections -Wall -fstack-usage -fcyclomatic-complexity -MMD -MP -MF"Core/Src/main.d" -MT"Core/Src/main.o" --specs=nano.specs -mfpu=fpv4-sp-d16 -mfloat-abi=hard -mthumb -o "Core/Src/main.o"
../Core/Src/main.c: In function 'Leer_Sensor_Baro':
../Core/Src/main.c:972:39: warning: implicit declaration of function 'powf' [-Wimplicit-function-declaration]
  972 |         *altitud = 44330.0f * (1.0f - powf(*presion / P_referencia, 0.1902949f));
      |                                       ^~~~
../Core/Src/main.c:159:1: note: include '<math.h>' or provide a declaration of 'powf'
  158 | #include <stdio.h>
  +++ |+#include <math.h>
  159 | 
../Core/Src/main.c:972:39: warning: incompatible implicit declaration of built-in function 'powf' [-Wbuiltin-declaration-mismatch]
  972 |         *altitud = 44330.0f * (1.0f - powf(*presion / P_referencia, 0.1902949f));
      |                                       ^~~~
../Core/Src/main.c:972:39: note: include '<math.h>' or provide a declaration of 'powf'
../Core/Src/main.c: In function 'StartIMU_Task':
../Core/Src/main.c:1085:21: warning: implicit declaration of function 'Leer_IMU_Completa'; did you mean 'Leer_IMU_Completa_DMA'? [-Wimplicit-function-declaration]
 1085 |                     Leer_IMU_Completa();
      |                     ^~~~~~~~~~~~~~~~~
      |                     Leer_IMU_Completa_DMA
../Core/Src/main.c:1095:59: error: 'pitch' undeclared (first use in this function)
 1095 |                 float outPitch = PID_Compute(&pidP, 0.0f, pitch, dt);
      |                                                           ^~~~~
../Core/Src/main.c:1095:59: note: each undeclared identifier is reported only once for each function it appears in
../Core/Src/main.c:1096:59: error: 'roll' undeclared (first use in this function)
 1096 |                 float outRoll  = PID_Compute(&pidR, 0.0f, roll, dt);
      |                                                           ^~~~
../Core/Src/main.c:1098:59: error: 'gz' undeclared (first use in this function)
 1098 |                 float outYaw   = PID_Compute(&pidY, 0.0f, gz, dt);
      |                                                           ^~
../Core/Src/main.c:1105:29: error: 'IMU_Data_t' has no member named 'outY'; did you mean 'outP'?
 1105 |                 datos_envio.outY  = outYaw;
      |                             ^~~~
      |                             outP
make: *** [Core/Src/subdir.mk:40: Core/Src/main.o] Error 1
"make -j8 all" terminated with exit code 2. Build might be incomplete.
23:22:26 **** Incremental Build of configuration Debug for project IMU_Bar_Semaphores ****
make -j8 all 
arm-none-eabi-gcc "../Core/Src/main.c" -mcpu=cortex-m4 -std=gnu11 -g3 -DDEBUG -DUSE_HAL_DRIVER -DSTM32L475xx -c -I../Core/Inc -I../Drivers/STM32L4xx_HAL_Driver/Inc -I../Drivers/STM32L4xx_HAL_Driver/Inc/Legacy -I../Drivers/CMSIS/Device/ST/STM32L4xx/Include -I../Drivers/CMSIS/Include -I../Middlewares/Third_Party/FreeRTOS/Source/include -I../Middlewares/Third_Party/FreeRTOS/Source/CMSIS_RTOS_V2 -I../Middlewares/Third_Party/FreeRTOS/Source/portable/GCC/ARM_CM4F -O0 -ffunction-sections -fdata-sections -Wall -fstack-usage -fcyclomatic-complexity -MMD -MP -MF"Core/Src/main.d" -MT"Core/Src/main.o" --specs=nano.specs -mfpu=fpv4-sp-d16 -mfloat-abi=hard -mthumb -o "Core/Src/main.o"
../Core/Src/main.c: In function 'Leer_Sensor_Baro':
../Core/Src/main.c:972:39: warning: implicit declaration of function 'powf' [-Wimplicit-function-declaration]
  972 |         *altitud = 44330.0f * (1.0f - powf(*presion / P_referencia, 0.1902949f));
      |                                       ^~~~
../Core/Src/main.c:159:1: note: include '<math.h>' or provide a declaration of 'powf'
  158 | #include <stdio.h>
  +++ |+#include <math.h>
  159 | 
../Core/Src/main.c:972:39: warning: incompatible implicit declaration of built-in function 'powf' [-Wbuiltin-declaration-mismatch]
  972 |         *altitud = 44330.0f * (1.0f - powf(*presion / P_referencia, 0.1902949f));
      |                                       ^~~~
../Core/Src/main.c:972:39: note: include '<math.h>' or provide a declaration of 'powf'
../Core/Src/main.c: In function 'StartIMU_Task':
../Core/Src/main.c:1083:17: warning: implicit declaration of function 'Leer_Sensor_IMU'; did you mean 'Leer_Sensor_Baro'? [-Wimplicit-function-declaration]
 1083 |                 Leer_Sensor_IMU();
      |                 ^~~~~~~~~~~~~~~
      |                 Leer_Sensor_Baro
../Core/Src/main.c:1087:56: error: 'gy' undeclared (first use in this function)
 1087 |                 pitch_actual = 0.98f * (pitch_actual + gy * dt) + 0.02f * (accel_pitch);
      |                                                        ^~
../Core/Src/main.c:1087:56: note: each undeclared identifier is reported only once for each function it appears in
../Core/Src/main.c:1087:76: error: 'accel_pitch' undeclared (first use in this function)
 1087 |                 pitch_actual = 0.98f * (pitch_actual + gy * dt) + 0.02f * (accel_pitch);
      |                                                                            ^~~~~~~~~~~
../Core/Src/main.c:1088:55: error: 'gx' undeclared (first use in this function)
 1088 |                 roll_actual  = 0.98f * (roll_actual + gx * dt) + 0.02f * (accel_roll);
      |                                                       ^~
../Core/Src/main.c:1088:75: error: 'accel_roll' undeclared (first use in this function)
 1088 |                 roll_actual  = 0.98f * (roll_actual + gx * dt) + 0.02f * (accel_roll);
      |                                                                           ^~~~~~~~~~
../Core/Src/main.c:1099:29: error: 'IMU_Data_t' has no member named 'outY'; did you mean 'outP'?
 1099 |                 datos_envio.outY  = outYaw; // El que ya tenías calculado
      |                             ^~~~
      |                             outP
../Core/Src/main.c:1099:37: error: 'outYaw' undeclared (first use in this function)
 1099 |                 datos_envio.outY  = outYaw; // El que ya tenías calculado
      |                                     ^~~~~~
make: *** [Core/Src/subdir.mk:40: Core/Src/main.o] Error 1
"make -j8 all" terminated with exit code 2. Build might be incomplete.
23:24:16 **** Incremental Build of configuration Debug for project IMU_Bar_Semaphores ****
make -j8 all 
arm-none-eabi-gcc "../Core/Src/main.c" -mcpu=cortex-m4 -std=gnu11 -g3 -DDEBUG -DUSE_HAL_DRIVER -DSTM32L475xx -c -I../Core/Inc -I../Drivers/STM32L4xx_HAL_Driver/Inc -I../Drivers/STM32L4xx_HAL_Driver/Inc/Legacy -I../Drivers/CMSIS/Device/ST/STM32L4xx/Include -I../Drivers/CMSIS/Include -I../Middlewares/Third_Party/FreeRTOS/Source/include -I../Middlewares/Third_Party/FreeRTOS/Source/CMSIS_RTOS_V2 -I../Middlewares/Third_Party/FreeRTOS/Source/portable/GCC/ARM_CM4F -O0 -ffunction-sections -fdata-sections -Wall -fstack-usage -fcyclomatic-complexity -MMD -MP -MF"Core/Src/main.d" -MT"Core/Src/main.o" --specs=nano.specs -mfpu=fpv4-sp-d16 -mfloat-abi=hard -mthumb -o "Core/Src/main.o"
../Core/Src/main.c: In function 'Leer_Sensor_Baro':
../Core/Src/main.c:970:39: warning: implicit declaration of function 'powf' [-Wimplicit-function-declaration]
  970 |         *altitud = 44330.0f * (1.0f - powf(*presion / P_referencia, 0.1902949f));
      |                                       ^~~~
../Core/Src/main.c:157:1: note: include '<math.h>' or provide a declaration of 'powf'
  156 | #include <stdio.h>
  +++ |+#include <math.h>
  157 | 
../Core/Src/main.c:970:39: warning: incompatible implicit declaration of built-in function 'powf' [-Wbuiltin-declaration-mismatch]
  970 |         *altitud = 44330.0f * (1.0f - powf(*presion / P_referencia, 0.1902949f));
      |                                       ^~~~
../Core/Src/main.c:970:39: note: include '<math.h>' or provide a declaration of 'powf'
../Core/Src/main.c: In function 'StartIMU_Task':
../Core/Src/main.c:1081:17: warning: implicit declaration of function 'Leer_Sensor_IMU'; did you mean 'Leer_Sensor_Baro'? [-Wimplicit-function-declaration]
 1081 |                 Leer_Sensor_IMU();
      |                 ^~~~~~~~~~~~~~~
      |                 Leer_Sensor_Baro
../Core/Src/main.c:1085:56: error: 'gy' undeclared (first use in this function)
 1085 |                 pitch_actual = 0.98f * (pitch_actual + gy * dt) + 0.02f * (accel_pitch);
      |                                                        ^~
../Core/Src/main.c:1085:56: note: each undeclared identifier is reported only once for each function it appears in
../Core/Src/main.c:1085:76: error: 'accel_pitch' undeclared (first use in this function)
 1085 |                 pitch_actual = 0.98f * (pitch_actual + gy * dt) + 0.02f * (accel_pitch);
      |                                                                            ^~~~~~~~~~~
../Core/Src/main.c:1086:55: error: 'gx' undeclared (first use in this function)
 1086 |                 roll_actual  = 0.98f * (roll_actual + gx * dt) + 0.02f * (accel_roll);
      |                                                       ^~
../Core/Src/main.c:1086:75: error: 'accel_roll' undeclared (first use in this function)
 1086 |                 roll_actual  = 0.98f * (roll_actual + gx * dt) + 0.02f * (accel_roll);
      |                                                                           ^~~~~~~~~~
../Core/Src/main.c:1097:37: error: 'outYaw' undeclared (first use in this function)
 1097 |                 datos_envio.outY  = outYaw; // El que ya tenías calculado
      |                                     ^~~~~~
../Core/Src/main.c: In function 'StartTelemetry_Task':
../Core/Src/main.c:1135:55: error: 'IMU_Data_t' has no member named 'yaw_corr'
 1135 |                                imu_data.outR, imu_data.yaw_corr, altitud_data);
      |                                                       ^
make: *** [Core/Src/subdir.mk:40: Core/Src/main.o] Error 1
"make -j8 all" terminated with exit code 2. Build might be incomplete.
23:25:52 **** Incremental Build of configuration Debug for project IMU_Bar_Semaphores ****
make -j8 all 
arm-none-eabi-gcc "../Core/Src/main.c" -mcpu=cortex-m4 -std=gnu11 -g3 -DDEBUG -DUSE_HAL_DRIVER -DSTM32L475xx -c -I../Core/Inc -I../Drivers/STM32L4xx_HAL_Driver/Inc -I../Drivers/STM32L4xx_HAL_Driver/Inc/Legacy -I../Drivers/CMSIS/Device/ST/STM32L4xx/Include -I../Drivers/CMSIS/Include -I../Middlewares/Third_Party/FreeRTOS/Source/include -I../Middlewares/Third_Party/FreeRTOS/Source/CMSIS_RTOS_V2 -I../Middlewares/Third_Party/FreeRTOS/Source/portable/GCC/ARM_CM4F -O0 -ffunction-sections -fdata-sections -Wall -fstack-usage -fcyclomatic-complexity -MMD -MP -MF"Core/Src/main.d" -MT"Core/Src/main.o" --specs=nano.specs -mfpu=fpv4-sp-d16 -mfloat-abi=hard -mthumb -o "Core/Src/main.o"
../Core/Src/main.c: In function 'Leer_Sensor_Baro':
../Core/Src/main.c:970:39: warning: implicit declaration of function 'powf' [-Wimplicit-function-declaration]
  970 |         *altitud = 44330.0f * (1.0f - powf(*presion / P_referencia, 0.1902949f));
      |                                       ^~~~
../Core/Src/main.c:157:1: note: include '<math.h>' or provide a declaration of 'powf'
  156 | #include <stdio.h>
  +++ |+#include <math.h>
  157 | 
../Core/Src/main.c:970:39: warning: incompatible implicit declaration of built-in function 'powf' [-Wbuiltin-declaration-mismatch]
  970 |         *altitud = 44330.0f * (1.0f - powf(*presion / P_referencia, 0.1902949f));
      |                                       ^~~~
../Core/Src/main.c:970:39: note: include '<math.h>' or provide a declaration of 'powf'
../Core/Src/main.c: In function 'StartIMU_Task':
../Core/Src/main.c:1083:21: warning: implicit declaration of function 'Leer_IMU_Completa'; did you mean 'Leer_IMU_Completa_DMA'? [-Wimplicit-function-declaration]
 1083 |                     Leer_IMU_Completa(); // Esta función debe actualizar ax, ay, az, gx, gy, gz
      |                     ^~~~~~~~~~~~~~~~~
      |                     Leer_IMU_Completa_DMA
../Core/Src/main.c:1088:31: warning: implicit declaration of function 'atan2f' [-Wimplicit-function-declaration]
 1088 |                 float acc_p = atan2f(ay, az) * 57.2958f;
      |                               ^~~~~~
../Core/Src/main.c:1088:31: note: include '<math.h>' or provide a declaration of 'atan2f'
../Core/Src/main.c:1088:31: warning: incompatible implicit declaration of built-in function 'atan2f' [-Wbuiltin-declaration-mismatch]
../Core/Src/main.c:1088:31: note: include '<math.h>' or provide a declaration of 'atan2f'
../Core/Src/main.c:1088:38: error: 'ay' undeclared (first use in this function)
 1088 |                 float acc_p = atan2f(ay, az) * 57.2958f;
      |                                      ^~
../Core/Src/main.c:1088:38: note: each undeclared identifier is reported only once for each function it appears in
../Core/Src/main.c:1088:42: error: 'az' undeclared (first use in this function)
 1088 |                 float acc_p = atan2f(ay, az) * 57.2958f;
      |                                          ^~
../Core/Src/main.c:1089:39: error: 'ax' undeclared (first use in this function)
 1089 |                 float acc_r = atan2f(-ax, sqrtf(ay * ay + az * az)) * 57.2958f;
      |                                       ^~
../Core/Src/main.c:1089:43: warning: implicit declaration of function 'sqrtf' [-Wimplicit-function-declaration]
 1089 |                 float acc_r = atan2f(-ax, sqrtf(ay * ay + az * az)) * 57.2958f;
      |                                           ^~~~~
../Core/Src/main.c:1089:43: note: include '<math.h>' or provide a declaration of 'sqrtf'
../Core/Src/main.c:1089:43: warning: incompatible implicit declaration of built-in function 'sqrtf' [-Wbuiltin-declaration-mismatch]
../Core/Src/main.c:1089:43: note: include '<math.h>' or provide a declaration of 'sqrtf'
../Core/Src/main.c:1092:46: error: 'gy' undeclared (first use in this function)
 1092 |                 pitch_f = 0.98f * (pitch_f + gy * dt) + 0.02f * (acc_p);
      |                                              ^~
../Core/Src/main.c:1093:45: error: 'gx' undeclared (first use in this function)
 1093 |                 roll_f  = 0.98f * (roll_f + gx * dt) + 0.02f * (acc_r);
      |                                             ^~
../Core/Src/main.c:1098:25: error: 'IMU_Data_t' has no member named 'yaw_corr'
 1098 |                 imu_data.yaw_corr = PID_Compute(&pidYaw,   0.0f, gz,      dt);
      |                         ^
../Core/Src/main.c:1098:66: error: 'gz' undeclared (first use in this function)
 1098 |                 imu_data.yaw_corr = PID_Compute(&pidYaw,   0.0f, gz,      dt);
      |                                                                  ^~
../Core/Src/main.c: In function 'StartTelemetry_Task':
../Core/Src/main.c:1141:55: error: 'IMU_Data_t' has no member named 'yaw_corr'
 1141 |                                imu_data.outR, imu_data.yaw_corr, altitud_data);
      |                                                       ^
make: *** [Core/Src/subdir.mk:40: Core/Src/main.o] Error 1
"make -j8 all" terminated with exit code 2. Build might be incomplete.
23:30:27 **** Incremental Build of configuration Debug for project IMU_Bar_Semaphores ****
make -j8 all 
arm-none-eabi-gcc "../Core/Src/main.c" -mcpu=cortex-m4 -std=gnu11 -g3 -DDEBUG -DUSE_HAL_DRIVER -DSTM32L475xx -c -I../Core/Inc -I../Drivers/STM32L4xx_HAL_Driver/Inc -I../Drivers/STM32L4xx_HAL_Driver/Inc/Legacy -I../Drivers/CMSIS/Device/ST/STM32L4xx/Include -I../Drivers/CMSIS/Include -I../Middlewares/Third_Party/FreeRTOS/Source/include -I../Middlewares/Third_Party/FreeRTOS/Source/CMSIS_RTOS_V2 -I../Middlewares/Third_Party/FreeRTOS/Source/portable/GCC/ARM_CM4F -O0 -ffunction-sections -fdata-sections -Wall -fstack-usage -fcyclomatic-complexity -MMD -MP -MF"Core/Src/main.d" -MT"Core/Src/main.o" --specs=nano.specs -mfpu=fpv4-sp-d16 -mfloat-abi=hard -mthumb -o "Core/Src/main.o"
../Core/Src/main.c: In function 'Leer_Sensor_Baro':
../Core/Src/main.c:973:39: warning: implicit declaration of function 'powf' [-Wimplicit-function-declaration]
  973 |         *altitud = 44330.0f * (1.0f - powf(*presion / P_referencia, 0.1902949f));
      |                                       ^~~~
../Core/Src/main.c:160:1: note: include '<math.h>' or provide a declaration of 'powf'
  159 | #include <stdio.h>
  +++ |+#include <math.h>
  160 | 
../Core/Src/main.c:973:39: warning: incompatible implicit declaration of built-in function 'powf' [-Wbuiltin-declaration-mismatch]
  973 |         *altitud = 44330.0f * (1.0f - powf(*presion / P_referencia, 0.1902949f));
      |                                       ^~~~
../Core/Src/main.c:973:39: note: include '<math.h>' or provide a declaration of 'powf'
../Core/Src/main.c: In function 'StartIMU_Task':
../Core/Src/main.c:1092:27: warning: implicit declaration of function 'atan2f' [-Wimplicit-function-declaration]
 1092 |             float acc_p = atan2f(ay, az) * 57.2958f;
      |                           ^~~~~~
../Core/Src/main.c:1092:27: note: include '<math.h>' or provide a declaration of 'atan2f'
../Core/Src/main.c:1092:27: warning: incompatible implicit declaration of built-in function 'atan2f' [-Wbuiltin-declaration-mismatch]
../Core/Src/main.c:1092:27: note: include '<math.h>' or provide a declaration of 'atan2f'
../Core/Src/main.c:1093:39: warning: implicit declaration of function 'sqrtf' [-Wimplicit-function-declaration]
 1093 |             float acc_r = atan2f(-ax, sqrtf(ay * ay + az * az)) * 57.2958f;
      |                                       ^~~~~
../Core/Src/main.c:1093:39: note: include '<math.h>' or provide a declaration of 'sqrtf'
../Core/Src/main.c:1093:39: warning: incompatible implicit declaration of built-in function 'sqrtf' [-Wbuiltin-declaration-mismatch]
../Core/Src/main.c:1093:39: note: include '<math.h>' or provide a declaration of 'sqrtf'
arm-none-eabi-gcc -o "IMU_Bar_Semaphores.elf" @"objects.list"   -mcpu=cortex-m4 -T"C:\Users\admin\Desktop\Aerospace_Training\IMU_Bar_Semaphores\STM32L475VGTX_FLASH.ld" --specs=nosys.specs -Wl,-Map="IMU_Bar_Semaphores.map" -Wl,--gc-sections -static --specs=nano.specs -mfpu=fpv4-sp-d16 -mfloat-abi=hard -mthumb -u _printf_float -Wl,--start-group -lc -lm -Wl,--end-group
Finished building target: IMU_Bar_Semaphores.elf
 
arm-none-eabi-size   IMU_Bar_Semaphores.elf 
arm-none-eabi-objdump -h -S  IMU_Bar_Semaphores.elf  > "IMU_Bar_Semaphores.list"
   text	   data	    bss	    dec	    hex	filename
  71752	    556	  22948	  95256	  17418	IMU_Bar_Semaphores.elf
Finished building: default.size.stdout
 
Finished building: IMU_Bar_Semaphores.list
 
23:30:29 **** Incremental Build of configuration Debug for project IMU_Bar_Semaphores ****
make -j8 all 
arm-none-eabi-size   IMU_Bar_Semaphores.elf 
   text	   data	    bss	    dec	    hex	filename
  71752	    556	  22948	  95256	  17418	IMU_Bar_Semaphores.elf
Finished building: default.size.stdout
 
