21:17:58 **** Incremental Build of configuration Debug for project IMU_Bar_Semaphores ****
make -j8 all 
arm-none-eabi-gcc "../Core/Src/main.c" -mcpu=cortex-m4 -std=gnu11 -g3 -DDEBUG -DUSE_HAL_DRIVER -DSTM32L475xx -c -I../Core/Inc -I../Drivers/STM32L4xx_HAL_Driver/Inc -I../Drivers/STM32L4xx_HAL_Driver/Inc/Legacy -I../Drivers/CMSIS/Device/ST/STM32L4xx/Include -I../Drivers/CMSIS/Include -I../Middlewares/Third_Party/FreeRTOS/Source/include -I../Middlewares/Third_Party/FreeRTOS/Source/CMSIS_RTOS_V2 -I../Middlewares/Third_Party/FreeRTOS/Source/portable/GCC/ARM_CM4F -O0 -ffunction-sections -fdata-sections -Wall -fstack-usage -fcyclomatic-complexity -MMD -MP -MF"Core/Src/main.d" -MT"Core/Src/main.o" --specs=nano.specs -mfpu=fpv4-sp-d16 -mfloat-abi=hard -mthumb -o "Core/Src/main.o"
../Core/Src/main.c: In function 'Leer_Sensor_Baro':
../Core/Src/main.c:959:39: warning: implicit declaration of function 'powf' [-Wimplicit-function-declaration]
  959 |         *altitud = 44330.0f * (1.0f - powf(*presion / P_referencia, 0.1902949f));
      |                                       ^~~~
../Core/Src/main.c:146:1: note: include '<math.h>' or provide a declaration of 'powf'
  145 | #include <stdio.h>
  +++ |+#include <math.h>
  146 | 
../Core/Src/main.c:959:39: warning: incompatible implicit declaration of built-in function 'powf' [-Wbuiltin-declaration-mismatch]
  959 |         *altitud = 44330.0f * (1.0f - powf(*presion / P_referencia, 0.1902949f));
      |                                       ^~~~
../Core/Src/main.c:959:39: note: include '<math.h>' or provide a declaration of 'powf'
../Core/Src/main.c: In function 'StartIMU_Task':
../Core/Src/main.c:1033:45: warning: implicit declaration of function 'atan2f' [-Wimplicit-function-declaration]
 1033 |                         float accel_pitch = atan2f(ay, az) * 57.2958f;
      |                                             ^~~~~~
../Core/Src/main.c:1033:45: note: include '<math.h>' or provide a declaration of 'atan2f'
../Core/Src/main.c:1033:45: warning: incompatible implicit declaration of built-in function 'atan2f' [-Wbuiltin-declaration-mismatch]
../Core/Src/main.c:1033:45: note: include '<math.h>' or provide a declaration of 'atan2f'
../Core/Src/main.c:1034:57: warning: implicit declaration of function 'sqrtf' [-Wimplicit-function-declaration]
 1034 |                         float accel_roll  = atan2f(-ax, sqrtf(ay*ay + az*az)) * 57.2958f;
      |                                                         ^~~~~
../Core/Src/main.c:1034:57: note: include '<math.h>' or provide a declaration of 'sqrtf'
../Core/Src/main.c:1034:57: warning: incompatible implicit declaration of built-in function 'sqrtf' [-Wbuiltin-declaration-mismatch]
../Core/Src/main.c:1034:57: note: include '<math.h>' or provide a declaration of 'sqrtf'
arm-none-eabi-gcc -o "IMU_Bar_Semaphores.elf" @"objects.list"   -mcpu=cortex-m4 -T"C:\Users\admin\Desktop\Aerospace_Training\IMU_Bar_Semaphores\STM32L475VGTX_FLASH.ld" --specs=nosys.specs -Wl,-Map="IMU_Bar_Semaphores.map" -Wl,--gc-sections -static --specs=nano.specs -mfpu=fpv4-sp-d16 -mfloat-abi=hard -mthumb -u _printf_float -Wl,--start-group -lc -lm -Wl,--end-group
Finished building target: IMU_Bar_Semaphores.elf
 
arm-none-eabi-size   IMU_Bar_Semaphores.elf 
arm-none-eabi-objdump -h -S  IMU_Bar_Semaphores.elf  > "IMU_Bar_Semaphores.list"
   text	   data	    bss	    dec	    hex	filename
  71120	    484	  22916	  94520	  17138	IMU_Bar_Semaphores.elf
Finished building: default.size.stdout
 
Finished building: IMU_Bar_Semaphores.list
 

21:18:01 Build Finished. 0 errors, 6 warnings. (took 2s.918ms)

